Archive member included to satisfy reference by file (symbol)

.pio/build/electrosmith_daisy/lib13e/libDaisyDuino.a(AudioClass.cpp.o)
                              .pio/build/electrosmith_daisy/src/main.cpp.o (AudioClass::begin(void (*)(float**, float**, unsigned int)))
.pio/build/electrosmith_daisy/lib13e/libDaisyDuino.a(DaisyDuino.cpp.o)
                              .pio/build/electrosmith_daisy/src/main.cpp.o (DaisyHardware::ProcessDigitalControls())
.pio/build/electrosmith_daisy/lib13e/libDaisyDuino.a(oscillator.cpp.o)
                              .pio/build/electrosmith_daisy/src/main.cpp.o (daisysp::Oscillator::Process())
.pio/build/electrosmith_daisy/lib13e/libDaisyDuino.a(audio.cpp.o)
                              .pio/build/electrosmith_daisy/lib13e/libDaisyDuino.a(AudioClass.cpp.o) (daisy::AudioHandle::Init(daisy::AudioHandle::Config const&, daisy::SaiHandle))
.pio/build/electrosmith_daisy/lib13e/libDaisyDuino.a(codec_ak4556.cpp.o)
                              .pio/build/electrosmith_daisy/lib13e/libDaisyDuino.a(AudioClass.cpp.o) (daisy::Ak4556::Init(dsy_gpio_pin))
.pio/build/electrosmith_daisy/lib13e/libDaisyDuino.a(codec_pcm3060.cpp.o)
                              .pio/build/electrosmith_daisy/lib13e/libDaisyDuino.a(AudioClass.cpp.o) (daisy::Pcm3060::Init(TwoWire*))
.pio/build/electrosmith_daisy/lib13e/libDaisyDuino.a(codec_wm8731.cpp.o)
                              .pio/build/electrosmith_daisy/lib13e/libDaisyDuino.a(AudioClass.cpp.o) (daisy::Wm8731::Init(daisy::Wm8731::Config const&, TwoWire*))
.pio/build/electrosmith_daisy/lib13e/libDaisyDuino.a(ctrl.cpp.o)
                              .pio/build/electrosmith_daisy/lib13e/libDaisyDuino.a(DaisyDuino.cpp.o) (daisy::AnalogControl::Init(unsigned char, float, bool, bool, float))
.pio/build/electrosmith_daisy/lib13e/libDaisyDuino.a(dma.c.o)
                              .pio/build/electrosmith_daisy/lib13e/libDaisyDuino.a(AudioClass.cpp.o) (dsy_dma_init)
.pio/build/electrosmith_daisy/lib13e/libDaisyDuino.a(encoder.cpp.o)
                              .pio/build/electrosmith_daisy/lib13e/libDaisyDuino.a(DaisyDuino.cpp.o) (daisy::Encoder::Init(float, unsigned char, unsigned char, unsigned char, unsigned char, unsigned char, unsigned char))
.pio/build/electrosmith_daisy/lib13e/libDaisyDuino.a(gpio.c.o)
                              .pio/build/electrosmith_daisy/lib13e/libDaisyDuino.a(codec_ak4556.cpp.o) (dsy_gpio_init)
.pio/build/electrosmith_daisy/lib13e/libDaisyDuino.a(hal_map.c.o)
                              .pio/build/electrosmith_daisy/lib13e/libDaisyDuino.a(gpio.c.o) (dsy_hal_map_get_port)
.pio/build/electrosmith_daisy/lib13e/libDaisyDuino.a(led.cpp.o)
                              .pio/build/electrosmith_daisy/lib13e/libDaisyDuino.a(DaisyDuino.cpp.o) (daisy::Led::Init(unsigned char, unsigned char, unsigned char, bool))
.pio/build/electrosmith_daisy/lib13e/libDaisyDuino.a(pca9685.cpp.o)
                              .pio/build/electrosmith_daisy/lib13e/libDaisyDuino.a(DaisyDuino.cpp.o) (myPCA9685::Init(unsigned char, TwoWire*))
.pio/build/electrosmith_daisy/lib13e/libDaisyDuino.a(sai.cpp.o)
                              .pio/build/electrosmith_daisy/lib13e/libDaisyDuino.a(AudioClass.cpp.o) (daisy::SaiHandle::Init(daisy::SaiHandle::Config const&))
.pio/build/electrosmith_daisy/lib13e/libDaisyDuino.a(sdram.c.o)
                              .pio/build/electrosmith_daisy/lib13e/libDaisyDuino.a(AudioClass.cpp.o) (dsy_sdram_init)
.pio/build/electrosmith_daisy/lib13e/libDaisyDuino.a(switch.cpp.o)
                              .pio/build/electrosmith_daisy/lib13e/libDaisyDuino.a(DaisyDuino.cpp.o) (daisy::Switch::Init(float, bool, unsigned char, unsigned char))
.pio/build/electrosmith_daisy/lib13e/libDaisyDuino.a(sys_mpu.c.o)
                              .pio/build/electrosmith_daisy/lib13e/libDaisyDuino.a(AudioClass.cpp.o) (dsy_mpu_init)
.pio/build/electrosmith_daisy/lib13e/libDaisyDuino.a(system.cpp.o)
                              .pio/build/electrosmith_daisy/lib13e/libDaisyDuino.a(codec_ak4556.cpp.o) (daisy::System::Delay(unsigned long))
.pio/build/electrosmith_daisy/lib13e/libDaisyDuino.a(tim.cpp.o)
                              .pio/build/electrosmith_daisy/lib13e/libDaisyDuino.a(system.cpp.o) (daisy::TimerHandle::Init(daisy::TimerHandle::Config const&))
.pio/build/electrosmith_daisy/libFrameworkArduino.a(Print.cpp.o)
                              .pio/build/electrosmith_daisy/src/main.cpp.o (Print::print(char const*))
.pio/build/electrosmith_daisy/libFrameworkArduino.a(main.cpp.o)
                              /Users/justin/.platformio/packages/toolchain-gccarmnoneeabi/bin/../lib/gcc/arm-none-eabi/12.3.1/../../../../arm-none-eabi/lib/thumb/v7e-m+fp/hard/crt0.o (main)
.pio/build/electrosmith_daisy/libFrameworkArduino.a(startup_stm32yyxx.S.o)
                              (Reset_Handler)
.pio/build/electrosmith_daisy/libFrameworkArduino.a(wiring_analog.c.o)
[...]
Memory Configuration

Name             Origin             Length             Attributes
*default*        0x00000000         0xffffffff
DTCMRAM          0x20000000         0x00020000         xrw
ITCMRAM          0x00000000         0x00010000         xrw
RAM_D1           0x24000000         0x00080000         xrw
RAM_D2           0x30000000         0x00048000         xrw
RAM_D3           0x38000000         0x00010000         xrw
FLASH            0x08000000         0x00020000         xr
SDRAM            0xc0000000         0x04000000         xrw
QSPIFLASH        0x90000000         0x00800000         xr

Linker script and memory map

                0x24080000                        _estack = 0x24080000
                0x00000200                        _Min_Heap_Size = 0x200
                0x00000400                        _Min_Stack_Size = 0x400

.isr_vector     0x08000000      0x298
                0x08000000                        . = ALIGN (0x4)
 *(.isr_vector)
 .isr_vector    0x08000000      0x298 .pio/build/electrosmith_daisy/libFrameworkArduino.a(startup_stm32yyxx.S.o)
                0x08000000                g_pfnVectors
                0x08000298                        . = ALIGN (0x4)

.text           0x08000298    0x11bdc
                0x08000298                        . = ALIGN (0x4)
 *(.text)
 .text          0x08000298       0x10 /Users/justin/.platformio/packages/toolchain-gccarmnoneeabi/bin/../lib/gcc/arm-none-eabi/12.3.1/../../../../arm-none-eabi/lib/thumb/v7e-m+fp/hard/libc_nano.a(libc_a-strlen.o)
                0x08000298                strlen
 *(.text*)
 .text.__do_global_dtors_aux
                0x080002a8       0x24 /Users/justin/.platformio/packages/toolchain-gccarmnoneeabi/bin/../lib/gcc/arm-none-eabi/12.3.1/thumb/v7e-m+fp/hard/crtbegin.o
 .text.frame_dummy
                0x080002cc       0x1c /Users/justin/.platformio/packages/toolchain-gccarmnoneeabi/bin/../lib/gcc/arm-none-eabi/12.3.1/thumb/v7e-m+fp/hard/crtbegin.o
 .text._ZN9USBSerial5writeEh
                0x080002e8       0x18 .pio/build/electrosmith_daisy/USBDevice/src/USBSerial.cpp.o
                0x080002e8                USBSerial::write(unsigned char)
 .text._ZN9USBSerial17availableForWriteEv
                0x08000300        0xc .pio/build/electrosmith_daisy/USBDevice/src/USBSerial.cpp.o
                0x08000300                USBSerial::availableForWrite()
 .text._ZN9USBSerial5writeEPKhj
                0x0800030c       0x48 .pio/build/electrosmith_daisy/USBDevice/src/USBSerial.cpp.o
                0x0800030c                USBSerial::write(unsigned char const*, unsigned int)
 .text._ZN9USBSerial9availableEv
                0x08000354        0xc .pio/build/electrosmith_daisy/USBDevice/src/USBSerial.cpp.o
                0x08000354                USBSerial::available()
 .text._ZN9USBSerial4readEv
                0x08000360       0x18 .pio/build/electrosmith_daisy/USBDevice/src/USBSerial.cpp.o
                0x08000360                USBSerial::read()
 .text._ZN9USBSerial9readBytesEPcj
                0x08000378       0x4c .pio/build/electrosmith_daisy/USBDevice/src/USBSerial.cpp.o
                0x08000378                USBSerial::readBytes(char*, unsigned int)
 .text._ZN9USBSerial14readBytesUntilEcPcj
                0x080003c4       0x68 .pio/build/electrosmith_daisy/USBDevice/src/USBSerial.cpp.o
                0x080003c4                USBSerial::readBytesUntil(char, char*, unsigned int)
 .text._ZN9USBSerial4peekEv
                0x0800042c        0xc .pio/build/electrosmith_daisy/USBDevice/src/USBSerial.cpp.o
                0x0800042c                USBSerial::peek()
 .text._ZN9USBSerial5flushEv
                0x08000438       0x14 .pio/build/electrosmith_daisy/USBDevice/src/USBSerial.cpp.o
                0x08000438                USBSerial::flush()
 .text._ZN9USBSerial5beginEm
                0x0800044c        0x4 .pio/build/electrosmith_daisy/USBDevice/src/USBSerial.cpp.o
                0x0800044c                USBSerial::begin(unsigned long)
 .text.startup._GLOBAL__sub_I_SerialUSB
                0x08000450       0x1c .pio/build/electrosmith_daisy/USBDevice/src/USBSerial.cpp.o
 .text.CDC_TransmitQueue_Init
                0x0800046c        0xc .pio/build/electrosmith_daisy/USBDevice/src/cdc/cdc_queue.c.o
                0x0800046c                CDC_TransmitQueue_Init
 .text.CDC_TransmitQueue_WriteSize
                0x08000478       0x20 .pio/build/electrosmith_daisy/USBDevice/src/cdc/cdc_queue.c.o
                0x08000478                CDC_TransmitQueue_WriteSize
 .text.CDC_TransmitQueue_ReadSize
                0x08000498       0x22 .pio/build/electrosmith_daisy/USBDevice/src/cdc/cdc_queue.c.o
                0x08000498                CDC_TransmitQueue_ReadSize
 .text.CDC_TransmitQueue_Enqueue
                0x080004ba       0x46 .pio/build/electrosmith_daisy/USBDevice/src/cdc/cdc_queue.c.o
                0x080004ba                CDC_TransmitQueue_Enqueue
 .text.CDC_TransmitQueue_ReadBlock
                0x08000500       0x36 .pio/build/electrosmith_daisy/USBDevice/src/cdc/cdc_queue.c.o
                0x08000500                CDC_TransmitQueue_ReadBlock
 .text.CDC_TransmitQueue_CommitRead
                0x08000536       0x14 .pio/build/electrosmith_daisy/USBDevice/src/cdc/cdc_queue.c.o
                0x08000536                CDC_TransmitQueue_CommitRead
 .text.CDC_ReceiveQueue_Init
                0x0800054a       0x12 .pio/build/electrosmith_daisy/USBDevice/src/cdc/cdc_queue.c.o
                0x0800054a                CDC_ReceiveQueue_Init
 .text.CDC_ReceiveQueue_ReserveBlock
                0x0800055c       0x72 .pio/build/electrosmith_daisy/USBDevice/src/cdc/cdc_queue.c.o
                0x0800055c                CDC_ReceiveQueue_ReserveBlock
 .text.CDC_ReceiveQueue_CommitBlock
                0x080005ce       0x36 .pio/build/electrosmith_daisy/USBDevice/src/cdc/cdc_queue.c.o
                0x080005ce                CDC_ReceiveQueue_CommitBlock
 .text.CDC_ReceiveQueue_ReadSize
                0x08000604       0x50 .pio/build/electrosmith_daisy/USBDevice/src/cdc/cdc_queue.c.o
                0x08000604                CDC_ReceiveQueue_ReadSize
 .text.CDC_ReceiveQueue_Dequeue
                0x08000654       0x6e .pio/build/electrosmith_daisy/USBDevice/src/cdc/cdc_queue.c.o
                0x08000654                CDC_ReceiveQueue_Dequeue
 .text.CDC_ReceiveQueue_Peek
                0x080006c2       0x4e .pio/build/electrosmith_daisy/USBDevice/src/cdc/cdc_queue.c.o
                0x080006c2                CDC_ReceiveQueue_Peek
 .text.CDC_ReceiveQueue_Read
                0x08000710       0x90 .pio/build/electrosmith_daisy/USBDevice/src/cdc/cdc_queue.c.o
                0x08000710                CDC_ReceiveQueue_Read
 .text.CDC_ReceiveQueue_ReadUntil
                0x080007a0       0xd2 .pio/build/electrosmith_daisy/USBDevice/src/cdc/cdc_queue.c.o
                0x080007a0                CDC_ReceiveQueue_ReadUntil
 .text.USBD_CDC_EP0_RxReady
                0x08000872       0x38 .pio/build/electrosmith_daisy/USBDevice/src/cdc/usbd_cdc.c.o
 *fill*         0x080008aa        0x2 
 .text.USBD_CDC_GetDeviceQualifierDescriptor
                0x080008ac        0xc .pio/build/electrosmith_daisy/USBDevice/src/cdc/usbd_cdc.c.o
                0x080008ac                USBD_CDC_GetDeviceQualifierDescriptor
 .text.USBD_CDC_GetOtherSpeedCfgDesc
                0x080008b8       0x48 .pio/build/electrosmith_daisy/USBDevice/src/cdc/usbd_cdc.c.o
 .text.USBD_CDC_GetFSCfgDesc
                0x08000900       0x48 .pio/build/electrosmith_daisy/USBDevice/src/cdc/usbd_cdc.c.o
 .text.USBD_CDC_GetHSCfgDesc
                0x08000948       0x48 .pio/build/electrosmith_daisy/USBDevice/src/cdc/usbd_cdc.c.o
 .text.USBD_CDC_DataOut
                0x08000990       0x38 .pio/build/electrosmith_daisy/USBDevice/src/cdc/usbd_cdc.c.o
 .text.USBD_CDC_DataIn
                0x080009c8       0x64 .pio/build/electrosmith_daisy/USBDevice/src/cdc/usbd_cdc.c.o
 .text.USBD_CDC_Setup
                0x08000a2c       0xf0 .pio/build/electrosmith_daisy/USBDevice/src/cdc/usbd_cdc.c.o
 .text.USBD_CDC_DeInit
                0x08000b1c       0x4e .pio/build/electrosmith_daisy/USBDevice/src/cdc/usbd_cdc.c.o
 *fill*         0x08000b6a        0x2 
 .text.USBD_CDC_Init
                0x08000b6c       0xbc .pio/build/electrosmith_daisy/USBDevice/src/cdc/usbd_cdc.c.o
 .text.USBD_CDC_RegisterInterface
                0x08000c28       0x16 .pio/build/electrosmith_daisy/USBDevice/src/cdc/usbd_cdc.c.o
                0x08000c28                USBD_CDC_RegisterInterface
 .text.USBD_CDC_SetTxBuffer
                0x08000c3e       0x1c .pio/build/electrosmith_daisy/USBDevice/src/cdc/usbd_cdc.c.o
                0x08000c3e                USBD_CDC_SetTxBuffer
 .text.USBD_CDC_SetRxBuffer
                0x08000c5a       0x18 .pio/build/electrosmith_daisy/USBDevice/src/cdc/usbd_cdc.c.o
                0x08000c5a                USBD_CDC_SetRxBuffer
 .text.USBD_CDC_TransmitPacket
                0x08000c72       0x36 .pio/build/electrosmith_daisy/USBDevice/src/cdc/usbd_cdc.c.o
                0x08000c72                USBD_CDC_TransmitPacket
 .text.USBD_CDC_ReceivePacket
                0x08000ca8       0x2c .pio/build/electrosmith_daisy/USBDevice/src/cdc/usbd_cdc.c.o
                0x08000ca8                USBD_CDC_ReceivePacket
 .text.USBD_CDC_ClearBuffer
                0x08000cd4       0x20 .pio/build/electrosmith_daisy/USBDevice/src/cdc/usbd_cdc.c.o
                0x08000cd4                USBD_CDC_ClearBuffer
 .text.USBD_CDC_DeInit
                0x08000cf4        0x4 .pio/build/electrosmith_daisy/USBDevice/src/cdc/usbd_cdc_if.c.o
 .text.USBD_CDC_Control
                0x08000cf8       0x84 .pio/build/electrosmith_daisy/USBDevice/src/cdc/usbd_cdc_if.c.o
 .text.USBD_CDC_Init
                0x08000d7c       0x38 .pio/build/electrosmith_daisy/USBDevice/src/cdc/usbd_cdc_if.c.o
 .text.CDC_init
                0x08000db4       0x48 .pio/build/electrosmith_daisy/USBDevice/src/cdc/usbd_cdc_if.c.o
                0x08000db4                CDC_init
 .text.CDC_connected
                0x08000dfc       0x40 .pio/build/electrosmith_daisy/USBDevice/src/cdc/usbd_cdc_if.c.o
                0x08000dfc                CDC_connected
 .text.CDC_continue_transmit
                0x08000e3c       0x4c .pio/build/electrosmith_daisy/USBDevice/src/cdc/usbd_cdc_if.c.o
                0x08000e3c                CDC_continue_transmit
 .text.USBD_CDC_TransmitCplt
                0x08000e88       0x20 .pio/build/electrosmith_daisy/USBDevice/src/cdc/usbd_cdc_if.c.o
 .text.CDC_resume_receive
                0x08000ea8       0x38 .pio/build/electrosmith_daisy/USBDevice/src/cdc/usbd_cdc_if.c.o
                0x08000ea8                CDC_resume_receive
 .text.USBD_CDC_Receive
                0x08000ee0       0x2c .pio/build/electrosmith_daisy/USBDevice/src/cdc/usbd_cdc_if.c.o
 .text.USBD_Init
                0x08000f0c       0x26 .pio/build/electrosmith_daisy/USBDevice/src/usb_device_core.c.o
                0x08000f0c                USBD_Init
 .text.USBD_RegisterClass
                0x08000f32       0x32 .pio/build/electrosmith_daisy/USBDevice/src/usb_device_core.c.o
                0x08000f32                USBD_RegisterClass
 .text.USBD_Start
                0x08000f64        0x4 .pio/build/electrosmith_daisy/USBDevice/src/usb_device_core.c.o
                0x08000f64                USBD_Start
 .text.USBD_SetClassConfig
                0x08000f68        0xe .pio/build/electrosmith_daisy/USBDevice/src/usb_device_core.c.o
                0x08000f68                USBD_SetClassConfig
 .text.USBD_ClrClassConfig
                0x08000f76       0x12 .pio/build/electrosmith_daisy/USBDevice/src/usb_device_core.c.o
                0x08000f76                USBD_ClrClassConfig
 .text.USBD_LL_SetupStage
                0x08000f88       0x60 .pio/build/electrosmith_daisy/USBDevice/src/usb_device_core.c.o
                0x08000f88                USBD_LL_SetupStage
 .text.USBD_LL_DataOutStage
                0x08000fe8       0x6a .pio/build/electrosmith_daisy/USBDevice/src/usb_device_core.c.o
                0x08000fe8                USBD_LL_DataOutStage
 .text.USBD_LL_DataInStage
                0x08001052       0xa6 .pio/build/electrosmith_daisy/USBDevice/src/usb_device_core.c.o
                0x08001052                USBD_LL_DataInStage
 .text.USBD_LL_Reset
                0x080010f8       0x5e .pio/build/electrosmith_daisy/USBDevice/src/usb_device_core.c.o
                0x080010f8                USBD_LL_Reset
 .text.USBD_LL_SetSpeed
                0x08001156        0x6 .pio/build/electrosmith_daisy/USBDevice/src/usb_device_core.c.o
                0x08001156                USBD_LL_SetSpeed
 .text.USBD_LL_Suspend
                0x0800115c       0x1c .pio/build/electrosmith_daisy/USBDevice/src/usb_device_core.c.o
                0x0800115c                USBD_LL_Suspend
 .text.USBD_LL_Resume
                0x08001178       0x16 .pio/build/electrosmith_daisy/USBDevice/src/usb_device_core.c.o
                0x08001178                USBD_LL_Resume
 .text.USBD_LL_SOF
                0x0800118e       0x1a .pio/build/electrosmith_daisy/USBDevice/src/usb_device_core.c.o
                0x0800118e                USBD_LL_SOF
 .text.USBD_LL_IsoINIncomplete
                0x080011a8       0x26 .pio/build/electrosmith_daisy/USBDevice/src/usb_device_core.c.o
                0x080011a8                USBD_LL_IsoINIncomplete
 .text.USBD_LL_IsoOUTIncomplete
                0x080011ce       0x26 .pio/build/electrosmith_daisy/USBDevice/src/usb_device_core.c.o
                0x080011ce                USBD_LL_IsoOUTIncomplete
 .text.USBD_LL_DevConnected
                0x080011f4        0x4 .pio/build/electrosmith_daisy/USBDevice/src/usb_device_core.c.o
                0x080011f4                USBD_LL_DevConnected
 .text.USBD_LL_DevDisconnected
                0x080011f8       0x20 .pio/build/electrosmith_daisy/USBDevice/src/usb_device_core.c.o
                0x080011f8                USBD_LL_DevDisconnected
 .text.USBD_CoreFindIF
                0x08001218        0x4 .pio/build/electrosmith_daisy/USBDevice/src/usb_device_core.c.o
                0x08001218                USBD_CoreFindIF
 .text.USBD_CoreFindEP
                0x0800121c        0x4 .pio/build/electrosmith_daisy/USBDevice/src/usb_device_core.c.o
                0x0800121c                USBD_CoreFindEP
 .text.USBD_GetEpDesc
                0x08001220       0x24 .pio/build/electrosmith_daisy/USBDevice/src/usb_device_core.c.o
                0x08001220                USBD_GetEpDesc
 .text.USBD_CtlError.constprop.0
                0x08001244       0x16 .pio/build/electrosmith_daisy/USBDevice/src/usb_device_ctlreq.c.o
 *fill*         0x0800125a        0x2 
 .text.USBD_StdDevReq
                0x0800125c      0x288 .pio/build/electrosmith_daisy/USBDevice/src/usb_device_ctlreq.c.o
                0x0800125c                USBD_StdDevReq
 .text.USBD_StdItfReq
                0x080014e4       0x5a .pio/build/electrosmith_daisy/USBDevice/src/usb_device_ctlreq.c.o
                0x080014e4                USBD_StdItfReq
 .text.USBD_StdEPReq
                0x0800153e      0x13e .pio/build/electrosmith_daisy/USBDevice/src/usb_device_ctlreq.c.o
                0x0800153e                USBD_StdEPReq
 .text.USBD_ParseSetupRequest
                0x0800167c       0x16 .pio/build/electrosmith_daisy/USBDevice/src/usb_device_ctlreq.c.o
                0x0800167c                USBD_ParseSetupRequest
 .text.USBD_CtlError
                0x08001692       0x16 .pio/build/electrosmith_daisy/USBDevice/src/usb_device_ctlreq.c.o
                0x08001692                USBD_CtlError
 .text.USBD_GetString
                0x080016a8       0x38 .pio/build/electrosmith_daisy/USBDevice/src/usb_device_ctlreq.c.o
                0x080016a8                USBD_GetString
 .text.USBD_CtlSendData
                0x080016e0       0x1a .pio/build/electrosmith_daisy/USBDevice/src/usb_device_ioreq.c.o
                0x080016e0                USBD_CtlSendData
 .text.USBD_CtlContinueSendData
                0x080016fa       0x10 .pio/build/electrosmith_daisy/USBDevice/src/usb_device_ioreq.c.o
                0x080016fa                USBD_CtlContinueSendData
 .text.USBD_CtlPrepareRx
                0x0800170a       0x1a .pio/build/electrosmith_daisy/USBDevice/src/usb_device_ioreq.c.o
                0x0800170a                USBD_CtlPrepareRx
 .text.USBD_CtlContinueRx
                0x08001724       0x10 .pio/build/electrosmith_daisy/USBDevice/src/usb_device_ioreq.c.o
                0x08001724                USBD_CtlContinueRx
 .text.USBD_CtlSendStatus
                0x08001734       0x16 .pio/build/electrosmith_daisy/USBDevice/src/usb_device_ioreq.c.o
                0x08001734                USBD_CtlSendStatus
 .text.USBD_CtlReceiveStatus
                0x0800174a       0x16 .pio/build/electrosmith_daisy/USBDevice/src/usb_device_ioreq.c.o
                0x0800174a                USBD_CtlReceiveStatus
 .text.HAL_PCD_MspInit
                0x08001760      0x11c .pio/build/electrosmith_daisy/USBDevice/src/usbd_conf.c.o
                0x08001760                HAL_PCD_MspInit
 .text.HAL_PCD_SetupStageCallback
                0x0800187c        0xc .pio/build/electrosmith_daisy/USBDevice/src/usbd_conf.c.o
                0x0800187c                HAL_PCD_SetupStageCallback
 .text.HAL_PCD_DataOutStageCallback
                0x08001888       0x12 .pio/build/electrosmith_daisy/USBDevice/src/usbd_conf.c.o
                0x08001888                HAL_PCD_DataOutStageCallback
 .text.HAL_PCD_DataInStageCallback
                0x0800189a       0x10 .pio/build/electrosmith_daisy/USBDevice/src/usbd_conf.c.o
                0x0800189a                HAL_PCD_DataInStageCallback
 .text.HAL_PCD_SOFCallback
                0x080018aa        0x8 .pio/build/electrosmith_daisy/USBDevice/src/usbd_conf.c.o
                0x080018aa                HAL_PCD_SOFCallback
 .text.HAL_PCD_ResetCallback
                0x080018b2       0x22 .pio/build/electrosmith_daisy/USBDevice/src/usbd_conf.c.o
                0x080018b2                HAL_PCD_ResetCallback
 .text.HAL_PCD_SuspendCallback
                0x080018d4       0x30 .pio/build/electrosmith_daisy/USBDevice/src/usbd_conf.c.o
                0x080018d4                HAL_PCD_SuspendCallback
 .text.HAL_PCD_ResumeCallback
                0x08001904       0x34 .pio/build/electrosmith_daisy/USBDevice/src/usbd_conf.c.o
                0x08001904                HAL_PCD_ResumeCallback
 .text.HAL_PCD_ISOOUTIncompleteCallback
                0x08001938        0x8 .pio/build/electrosmith_daisy/USBDevice/src/usbd_conf.c.o
                0x08001938                HAL_PCD_ISOOUTIncompleteCallback
 .text.HAL_PCD_ISOINIncompleteCallback
                0x08001940        0x8 .pio/build/electrosmith_daisy/USBDevice/src/usbd_conf.c.o
                0x08001940                HAL_PCD_ISOINIncompleteCallback
 .text.HAL_PCD_ConnectCallback
                0x08001948        0x8 .pio/build/electrosmith_daisy/USBDevice/src/usbd_conf.c.o
                0x08001948                HAL_PCD_ConnectCallback
 .text.HAL_PCD_DisconnectCallback
                0x08001950        0x8 .pio/build/electrosmith_daisy/USBDevice/src/usbd_conf.c.o
                0x08001950                HAL_PCD_DisconnectCallback
 .text.OTG_FS_IRQHandler
                0x08001958        0xc .pio/build/electrosmith_daisy/USBDevice/src/usbd_conf.c.o
                0x08001958                OTG_FS_IRQHandler
 .text.OTG_FS_WKUP_IRQHandler
                0x08001964       0x30 .pio/build/electrosmith_daisy/USBDevice/src/usbd_conf.c.o
                0x08001964                OTG_FS_WKUP_IRQHandler
 .text.USBD_LL_Init
                0x08001994       0x64 .pio/build/electrosmith_daisy/USBDevice/src/usbd_conf.c.o
                0x08001994                USBD_LL_Init
 .text.USBD_LL_Start
                0x080019f8        0xe .pio/build/electrosmith_daisy/USBDevice/src/usbd_conf.c.o
                0x080019f8                USBD_LL_Start
 .text.USBD_LL_OpenEP
                0x08001a06       0x14 .pio/build/electrosmith_daisy/USBDevice/src/usbd_conf.c.o
                0x08001a06                USBD_LL_OpenEP
 .text.USBD_LL_CloseEP
                0x08001a1a        0xe .pio/build/electrosmith_daisy/USBDevice/src/usbd_conf.c.o
                0x08001a1a                USBD_LL_CloseEP
 .text.USBD_LL_StallEP
                0x08001a28        0xe .pio/build/electrosmith_daisy/USBDevice/src/usbd_conf.c.o
                0x08001a28                USBD_LL_StallEP
 .text.USBD_LL_ClearStallEP
                0x08001a36        0xe .pio/build/electrosmith_daisy/USBDevice/src/usbd_conf.c.o
                0x08001a36                USBD_LL_ClearStallEP
 .text.USBD_LL_IsStallEP
                0x08001a44       0x24 .pio/build/electrosmith_daisy/USBDevice/src/usbd_conf.c.o
                0x08001a44                USBD_LL_IsStallEP
 .text.USBD_LL_SetUSBAddress
                0x08001a68        0xe .pio/build/electrosmith_daisy/USBDevice/src/usbd_conf.c.o
                0x08001a68                USBD_LL_SetUSBAddress
 .text.USBD_LL_Transmit
                0x08001a76        0xe .pio/build/electrosmith_daisy/USBDevice/src/usbd_conf.c.o
                0x08001a76                USBD_LL_Transmit
 .text.USBD_LL_PrepareReceive
                0x08001a84        0xe .pio/build/electrosmith_daisy/USBDevice/src/usbd_conf.c.o
                0x08001a84                USBD_LL_PrepareReceive
 .text.USBD_LL_GetRxDataSize
                0x08001a92        0x8 .pio/build/electrosmith_daisy/USBDevice/src/usbd_conf.c.o
                0x08001a92                USBD_LL_GetRxDataSize
 *fill*         0x08001a9a        0x2 
 .text.USBD_Class_DeviceDescriptor
                0x08001a9c        0xc .pio/build/electrosmith_daisy/USBDevice/src/usbd_desc.c.o
                0x08001a9c                USBD_Class_DeviceDescriptor
 .text.USBD_LangIDStrDescriptor
                0x08001aa8        0xc .pio/build/electrosmith_daisy/USBDevice/src/usbd_desc.c.o
                0x08001aa8                USBD_LangIDStrDescriptor
 .text.USBD_Class_UserStrDescriptor
                0x08001ab4        0x8 .pio/build/electrosmith_daisy/USBDevice/src/usbd_desc.c.o
                0x08001ab4                USBD_Class_UserStrDescriptor
 .text.IntToUnicode
                0x08001abc       0x2c .pio/build/electrosmith_daisy/USBDevice/src/usbd_desc.c.o
 .text.USBD_SerialStrDescriptor
                0x08001ae8       0x3c .pio/build/electrosmith_daisy/USBDevice/src/usbd_desc.c.o
                0x08001ae8                USBD_SerialStrDescriptor
 .text.USBD_ManufacturerStrDescriptor
                0x08001b24       0x1c .pio/build/electrosmith_daisy/USBDevice/src/usbd_desc.c.o
                0x08001b24                USBD_ManufacturerStrDescriptor
 .text.USBD_Class_ProductStrDescriptor
                0x08001b40       0x24 .pio/build/electrosmith_daisy/USBDevice/src/usbd_desc.c.o
                0x08001b40                USBD_Class_ProductStrDescriptor
 .text.USBD_Class_ConfigStrDescriptor
                0x08001b64       0x1c .pio/build/electrosmith_daisy/USBDevice/src/usbd_desc.c.o
                0x08001b64                USBD_Class_ConfigStrDescriptor
 .text.USBD_Class_InterfaceStrDescriptor
                0x08001b80       0x1c .pio/build/electrosmith_daisy/USBDevice/src/usbd_desc.c.o
                0x08001b80                USBD_Class_InterfaceStrDescriptor
 .text.USBD_reenumerate
                0x08001b9c       0x20 .pio/build/electrosmith_daisy/USBDevice/src/usbd_if.c.o
                0x08001b9c                USBD_reenumerate
 .text.USBD_CDC_init
                0x08001bbc        0x4 .pio/build/electrosmith_daisy/USBDevice/src/usbd_if.c.o
                0x08001bbc                USBD_CDC_init
 .text.USBD_SystemClockConfigFromResume
                0x08001bc0        0xe .pio/build/electrosmith_daisy/USBDevice/src/usbd_if.c.o
                0x08001bc0                USBD_SystemClockConfigFromResume
 *fill*         0x08001bce        0x2 
 .text.SystemClock_Config
                0x08001bd0      0x14c .pio/build/electrosmith_daisy/FrameworkArduinoVariant/variant_DAISY_SEED.cpp.o
                0x08001bd0                SystemClock_Config
 .text.HAL_MspInit
                0x08001d1c        0x2 .pio/build/electrosmith_daisy/SrcWrapper/src/HAL/stm32yyxx_hal.c.o
                0x08001d1c                HAL_MspInit
 *fill*         0x08001d1e        0x2 
 .text.HAL_InitTick
                0x08001d20       0x4c .pio/build/electrosmith_daisy/SrcWrapper/src/HAL/stm32yyxx_hal.c.o
                0x08001d20                HAL_InitTick
 .text.HAL_Init
                0x08001d6c       0x5c .pio/build/electrosmith_daisy/SrcWrapper/src/HAL/stm32yyxx_hal.c.o
                0x08001d6c                HAL_Init
 .text.HAL_IncTick
                0x08001dc8       0x18 .pio/build/electrosmith_daisy/SrcWrapper/src/HAL/stm32yyxx_hal.c.o
                0x08001dc8                HAL_IncTick
 .text.HAL_GetTick
                0x08001de0        0xc .pio/build/electrosmith_daisy/SrcWrapper/src/HAL/stm32yyxx_hal.c.o
                0x08001de0                HAL_GetTick
 .text.HAL_Delay
                0x08001dec       0x24 .pio/build/electrosmith_daisy/SrcWrapper/src/HAL/stm32yyxx_hal.c.o
                0x08001dec                HAL_Delay
 .text.HAL_GetREVID
                0x08001e10        0xc .pio/build/electrosmith_daisy/SrcWrapper/src/HAL/stm32yyxx_hal.c.o
                0x08001e10                HAL_GetREVID
 .text.LL_ADC_SetChannelSamplingTime
                0x08001e1c       0x20 .pio/build/electrosmith_daisy/SrcWrapper/src/HAL/stm32yyxx_hal_adc.c.o
 .text.LL_ADC_IsEnabled
                0x08001e3c        0x8 .pio/build/electrosmith_daisy/SrcWrapper/src/HAL/stm32yyxx_hal_adc.c.o
 .text.LL_ADC_REG_IsConversionOngoing
                0x08001e44        0x8 .pio/build/electrosmith_daisy/SrcWrapper/src/HAL/stm32yyxx_hal_adc.c.o
 .text.HAL_ADC_PollForConversion
                0x08001e4c      0x11c .pio/build/electrosmith_daisy/SrcWrapper/src/HAL/stm32yyxx_hal_adc.c.o
                0x08001e4c                HAL_ADC_PollForConversion
 .text.HAL_ADC_GetValue
                0x08001f68        0x6 .pio/build/electrosmith_daisy/SrcWrapper/src/HAL/stm32yyxx_hal_adc.c.o
                0x08001f68                HAL_ADC_GetValue
 *fill*         0x08001f6e        0x2 
 .text.HAL_ADC_ConfigChannel
                0x08001f70      0x370 .pio/build/electrosmith_daisy/SrcWrapper/src/HAL/stm32yyxx_hal_adc.c.o
                0x08001f70                HAL_ADC_ConfigChannel
 .text.HAL_ADC_GetState
                0x080022e0        0x4 .pio/build/electrosmith_daisy/SrcWrapper/src/HAL/stm32yyxx_hal_adc.c.o
                0x080022e0                HAL_ADC_GetState
 .text.ADC_ConversionStop
                0x080022e4      0x100 .pio/build/electrosmith_daisy/SrcWrapper/src/HAL/stm32yyxx_hal_adc.c.o
                0x080022e4                ADC_ConversionStop
 .text.ADC_Enable
                0x080023e4       0xac .pio/build/electrosmith_daisy/SrcWrapper/src/HAL/stm32yyxx_hal_adc.c.o
                0x080023e4                ADC_Enable
 .text.HAL_ADC_Start
                0x08002490       0xfc .pio/build/electrosmith_daisy/SrcWrapper/src/HAL/stm32yyxx_hal_adc.c.o
                0x08002490                HAL_ADC_Start
 .text.ADC_Disable
                0x0800258c       0x70 .pio/build/electrosmith_daisy/SrcWrapper/src/HAL/stm32yyxx_hal_adc.c.o
                0x0800258c                ADC_Disable
 .text.HAL_ADC_DeInit
                0x080025fc      0x1b4 .pio/build/electrosmith_daisy/SrcWrapper/src/HAL/stm32yyxx_hal_adc.c.o
                0x080025fc                HAL_ADC_DeInit
 .text.HAL_ADC_Stop
                0x080027b0       0x3e .pio/build/electrosmith_daisy/SrcWrapper/src/HAL/stm32yyxx_hal_adc.c.o
                0x080027b0                HAL_ADC_Stop
 *fill*         0x080027ee        0x2 
 .text.ADC_ConfigureBoostMode
                0x080027f0      0x144 .pio/build/electrosmith_daisy/SrcWrapper/src/HAL/stm32yyxx_hal_adc.c.o
                0x080027f0                ADC_ConfigureBoostMode
 .text.HAL_ADC_Init
                0x08002934      0x218 .pio/build/electrosmith_daisy/SrcWrapper/src/HAL/stm32yyxx_hal_adc.c.o
                0x08002934                HAL_ADC_Init
 .text.HAL_ADCEx_Calibration_Start
                0x08002b4c       0xa0 .pio/build/electrosmith_daisy/SrcWrapper/src/HAL/stm32yyxx_hal_adc_ex.c.o
                0x08002b4c                HAL_ADCEx_Calibration_Start
 .text.HAL_NVIC_SetPriorityGrouping
                0x08002bec       0x24 .pio/build/electrosmith_daisy/SrcWrapper/src/HAL/stm32yyxx_hal_cortex.c.o
                0x08002bec                HAL_NVIC_SetPriorityGrouping
 .text.HAL_NVIC_SetPriority
                0x08002c10       0x64 .pio/build/electrosmith_daisy/SrcWrapper/src/HAL/stm32yyxx_hal_cortex.c.o
                0x08002c10                HAL_NVIC_SetPriority
 .text.HAL_NVIC_EnableIRQ
                0x08002c74       0x1c .pio/build/electrosmith_daisy/SrcWrapper/src/HAL/stm32yyxx_hal_cortex.c.o
                0x08002c74                HAL_NVIC_EnableIRQ
 .text.HAL_NVIC_DisableIRQ
                0x08002c90       0x24 .pio/build/electrosmith_daisy/SrcWrapper/src/HAL/stm32yyxx_hal_cortex.c.o
                0x08002c90                HAL_NVIC_DisableIRQ
 .text.HAL_SYSTICK_Config
                0x08002cb4       0x28 .pio/build/electrosmith_daisy/SrcWrapper/src/HAL/stm32yyxx_hal_cortex.c.o
                0x08002cb4                HAL_SYSTICK_Config
 .text.HAL_MPU_Disable
                0x08002cdc       0x1c .pio/build/electrosmith_daisy/SrcWrapper/src/HAL/stm32yyxx_hal_cortex.c.o
                0x08002cdc                HAL_MPU_Disable
 .text.HAL_MPU_Enable
                0x08002cf8       0x20 .pio/build/electrosmith_daisy/SrcWrapper/src/HAL/stm32yyxx_hal_cortex.c.o
                0x08002cf8                HAL_MPU_Enable
 .text.HAL_MPU_ConfigRegion
                0x08002d18       0x58 .pio/build/electrosmith_daisy/SrcWrapper/src/HAL/stm32yyxx_hal_cortex.c.o
                0x08002d18                HAL_MPU_ConfigRegion
 .text.HAL_NVIC_ClearPendingIRQ
                0x08002d70       0x1c .pio/build/electrosmith_daisy/SrcWrapper/src/HAL/stm32yyxx_hal_cortex.c.o
                0x08002d70                HAL_NVIC_ClearPendingIRQ
 .text.HAL_SYSTICK_Callback
                0x08002d8c        0x2 .pio/build/electrosmith_daisy/SrcWrapper/src/HAL/stm32yyxx_hal_cortex.c.o
                0x08002d8c                HAL_SYSTICK_Callback
 .text.HAL_SYSTICK_IRQHandler
                0x08002d8e        0x8 .pio/build/electrosmith_daisy/SrcWrapper/src/HAL/stm32yyxx_hal_cortex.c.o
                0x08002d8e                HAL_SYSTICK_IRQHandler
 .text.HAL_CRC_MspInit
                0x08002d96        0x2 .pio/build/electrosmith_daisy/SrcWrapper/src/HAL/stm32yyxx_hal_crc.c.o
                0x08002d96                HAL_CRC_MspInit
 .text.HAL_CRC_Init
                0x08002d98       0x74 .pio/build/electrosmith_daisy/SrcWrapper/src/HAL/stm32yyxx_hal_crc.c.o
                0x08002d98                HAL_CRC_Init
 .text.HAL_CRCEx_Polynomial_Set
                0x08002e0c       0x52 .pio/build/electrosmith_daisy/SrcWrapper/src/HAL/stm32yyxx_hal_crc_ex.c.o
                0x08002e0c                HAL_CRCEx_Polynomial_Set
 .text.HAL_DAC_DeInit
                0x08002e5e       0x1c .pio/build/electrosmith_daisy/SrcWrapper/src/HAL/stm32yyxx_hal_dac.c.o
                0x08002e5e                HAL_DAC_DeInit
 .text.HAL_DAC_Stop
                0x08002e7a       0x22 .pio/build/electrosmith_daisy/SrcWrapper/src/HAL/stm32yyxx_hal_dac.c.o
                0x08002e7a                HAL_DAC_Stop
 .text.DMA_SetConfig
                0x08002e9c      0x200 .pio/build/electrosmith_daisy/SrcWrapper/src/HAL/stm32yyxx_hal_dma.c.o
 .text.DMA_CalcBaseAndBitshift
                0x0800309c       0xb4 .pio/build/electrosmith_daisy/SrcWrapper/src/HAL/stm32yyxx_hal_dma.c.o
 .text.DMA_CalcDMAMUXChannelBaseAndMask
                0x08003150       0x98 .pio/build/electrosmith_daisy/SrcWrapper/src/HAL/stm32yyxx_hal_dma.c.o
 .text.DMA_CalcDMAMUXRequestGenBaseAndMask
                0x080031e8       0x70 .pio/build/electrosmith_daisy/SrcWrapper/src/HAL/stm32yyxx_hal_dma.c.o
 .text.HAL_DMA_Init
                0x08003258      0x390 .pio/build/electrosmith_daisy/SrcWrapper/src/HAL/stm32yyxx_hal_dma.c.o
                0x08003258                HAL_DMA_Init
 .text.HAL_DMA_Start_IT
                0x080035e8      0x3ec .pio/build/electrosmith_daisy/SrcWrapper/src/HAL/stm32yyxx_hal_dma.c.o
                0x080035e8                HAL_DMA_Start_IT
 .text.HAL_DMA_Abort
                0x080039d4      0x43c .pio/build/electrosmith_daisy/SrcWrapper/src/HAL/stm32yyxx_hal_dma.c.o
                0x080039d4                HAL_DMA_Abort
 .text.HAL_DMA_Abort_IT
                0x08003e10      0x140 .pio/build/electrosmith_daisy/SrcWrapper/src/HAL/stm32yyxx_hal_dma.c.o
                0x08003e10                HAL_DMA_Abort_IT
 .text.HAL_DMA_IRQHandler
                0x08003f50      0x6a0 .pio/build/electrosmith_daisy/SrcWrapper/src/HAL/stm32yyxx_hal_dma.c.o
                0x08003f50                HAL_DMA_IRQHandler
 .text.HAL_DMA_GetState
                0x080045f0        0x6 .pio/build/electrosmith_daisy/SrcWrapper/src/HAL/stm32yyxx_hal_dma.c.o
                0x080045f0                HAL_DMA_GetState
 .text.HAL_DMA_GetError
                0x080045f6        0x4 .pio/build/electrosmith_daisy/SrcWrapper/src/HAL/stm32yyxx_hal_dma.c.o
                0x080045f6                HAL_DMA_GetError
 *fill*         0x080045fa        0x2 
 .text.HAL_GPIO_Init
                0x080045fc      0x1ec .pio/build/electrosmith_daisy/SrcWrapper/src/HAL/stm32yyxx_hal_gpio.c.o
                0x080045fc                HAL_GPIO_Init
 .text.HAL_GPIO_WritePin
                0x080047e8        0xa .pio/build/electrosmith_daisy/SrcWrapper/src/HAL/stm32yyxx_hal_gpio.c.o
                0x080047e8                HAL_GPIO_WritePin
 .text.HAL_GPIO_EXTI_IRQHandler
                0x080047f2       0x18 .pio/build/electrosmith_daisy/SrcWrapper/src/HAL/stm32yyxx_hal_gpio.c.o
                0x080047f2                HAL_GPIO_EXTI_IRQHandler
 .text.I2C_Flush_TXDR
                0x0800480a       0x1c .pio/build/electrosmith_daisy/SrcWrapper/src/HAL/stm32yyxx_hal_i2c.c.o
 *fill*         0x08004826        0x2 
 .text.I2C_TransferConfig
                0x08004828       0x2c .pio/build/electrosmith_daisy/SrcWrapper/src/HAL/stm32yyxx_hal_i2c.c.o
 .text.I2C_Enable_IRQ
                0x08004854       0x88 .pio/build/electrosmith_daisy/SrcWrapper/src/HAL/stm32yyxx_hal_i2c.c.o
 .text.I2C_Disable_IRQ
                0x080048dc       0x42 .pio/build/electrosmith_daisy/SrcWrapper/src/HAL/stm32yyxx_hal_i2c.c.o
 .text.I2C_IsErrorOccurred
                0x0800491e      0x116 .pio/build/electrosmith_daisy/SrcWrapper/src/HAL/stm32yyxx_hal_i2c.c.o
 .text.I2C_WaitOnFlagUntilTimeout
                0x08004a34       0x76 .pio/build/electrosmith_daisy/SrcWrapper/src/HAL/stm32yyxx_hal_i2c.c.o
 .text.I2C_ConvertOtherXferOptions
                0x08004aaa       0x1a .pio/build/electrosmith_daisy/SrcWrapper/src/HAL/stm32yyxx_hal_i2c.c.o
 .text.HAL_I2C_MspInit
                0x08004ac4        0x2 .pio/build/electrosmith_daisy/SrcWrapper/src/HAL/stm32yyxx_hal_i2c.c.o
                0x08004ac4                HAL_I2C_MspInit
 .text.HAL_I2C_Init
                0x08004ac6       0xaa .pio/build/electrosmith_daisy/SrcWrapper/src/HAL/stm32yyxx_hal_i2c.c.o
                0x08004ac6                HAL_I2C_Init
 .text.HAL_I2C_MspDeInit
                0x08004b70        0x2 .pio/build/electrosmith_daisy/SrcWrapper/src/HAL/stm32yyxx_hal_i2c.c.o
                0x08004b70                HAL_I2C_MspDeInit
 .text.HAL_I2C_DeInit
                0x08004b72       0x32 .pio/build/electrosmith_daisy/SrcWrapper/src/HAL/stm32yyxx_hal_i2c.c.o
                0x08004b72                HAL_I2C_DeInit
 .text.HAL_I2C_IsDeviceReady
                0x08004ba4      0x102 .pio/build/electrosmith_daisy/SrcWrapper/src/HAL/stm32yyxx_hal_i2c.c.o
                0x08004ba4                HAL_I2C_IsDeviceReady
 *fill*         0x08004ca6        0x2 
 .text.HAL_I2C_Master_Seq_Transmit_IT
                0x08004ca8       0xe8 .pio/build/electrosmith_daisy/SrcWrapper/src/HAL/stm32yyxx_hal_i2c.c.o
                0x08004ca8                HAL_I2C_Master_Seq_Transmit_IT
 .text.HAL_I2C_Master_Seq_Receive_IT
                0x08004d90       0xa4 .pio/build/electrosmith_daisy/SrcWrapper/src/HAL/stm32yyxx_hal_i2c.c.o
                0x08004d90                HAL_I2C_Master_Seq_Receive_IT
 .text.HAL_I2C_Slave_Seq_Transmit_IT
                0x08004e34       0xc4 .pio/build/electrosmith_daisy/SrcWrapper/src/HAL/stm32yyxx_hal_i2c.c.o
                0x08004e34                HAL_I2C_Slave_Seq_Transmit_IT
 .text.HAL_I2C_Slave_Seq_Receive_IT
                0x08004ef8       0xc4 .pio/build/electrosmith_daisy/SrcWrapper/src/HAL/stm32yyxx_hal_i2c.c.o
                0x08004ef8                HAL_I2C_Slave_Seq_Receive_IT
 .text.HAL_I2C_EnableListen_IT
                0x08004fbc       0x28 .pio/build/electrosmith_daisy/SrcWrapper/src/HAL/stm32yyxx_hal_i2c.c.o
                0x08004fbc                HAL_I2C_EnableListen_IT
 .text.HAL_I2C_EV_IRQHandler
                0x08004fe4        0xe .pio/build/electrosmith_daisy/SrcWrapper/src/HAL/stm32yyxx_hal_i2c.c.o
                0x08004fe4                HAL_I2C_EV_IRQHandler
 .text.HAL_I2C_MasterTxCpltCallback
                0x08004ff2        0x2 .pio/build/electrosmith_daisy/SrcWrapper/src/HAL/stm32yyxx_hal_i2c.c.o
                0x08004ff2                HAL_I2C_MasterTxCpltCallback
 .text.HAL_I2C_MasterRxCpltCallback
                0x08004ff4        0x2 .pio/build/electrosmith_daisy/SrcWrapper/src/HAL/stm32yyxx_hal_i2c.c.o
                0x08004ff4                HAL_I2C_MasterRxCpltCallback
 .text.I2C_ITMasterSeqCplt
                0x08004ff6       0x44 .pio/build/electrosmith_daisy/SrcWrapper/src/HAL/stm32yyxx_hal_i2c.c.o
 .text.I2C_ITSlaveSeqCplt
                0x0800503a       0x6c .pio/build/electrosmith_daisy/SrcWrapper/src/HAL/stm32yyxx_hal_i2c.c.o
 .text.I2C_ITAddrCplt.constprop.0
                0x080050a6       0x88 .pio/build/electrosmith_daisy/SrcWrapper/src/HAL/stm32yyxx_hal_i2c.c.o
 *fill*         0x0800512e        0x2 
 .text.I2C_ITListenCplt
                0x08005130       0x60 .pio/build/electrosmith_daisy/SrcWrapper/src/HAL/stm32yyxx_hal_i2c.c.o
 .text.HAL_I2C_MemTxCpltCallback
                0x08005190        0x2 .pio/build/electrosmith_daisy/SrcWrapper/src/HAL/stm32yyxx_hal_i2c.c.o
                0x08005190                HAL_I2C_MemTxCpltCallback
 .text.HAL_I2C_MemRxCpltCallback
                0x08005192        0x2 .pio/build/electrosmith_daisy/SrcWrapper/src/HAL/stm32yyxx_hal_i2c.c.o
                0x08005192                HAL_I2C_MemRxCpltCallback
 .text.HAL_I2C_AbortCpltCallback
                0x08005194        0x2 .pio/build/electrosmith_daisy/SrcWrapper/src/HAL/stm32yyxx_hal_i2c.c.o
                0x08005194                HAL_I2C_AbortCpltCallback
 .text.I2C_TreatErrorCallback
                0x08005196       0x2c .pio/build/electrosmith_daisy/SrcWrapper/src/HAL/stm32yyxx_hal_i2c.c.o
 *fill*         0x080051c2        0x2 
 .text.I2C_ITError
                0x080051c4      0x108 .pio/build/electrosmith_daisy/SrcWrapper/src/HAL/stm32yyxx_hal_i2c.c.o
 .text.I2C_ITMasterCplt
                0x080052cc       0xee .pio/build/electrosmith_daisy/SrcWrapper/src/HAL/stm32yyxx_hal_i2c.c.o
 .text.I2C_Master_ISR_IT
                0x080053ba      0x138 .pio/build/electrosmith_daisy/SrcWrapper/src/HAL/stm32yyxx_hal_i2c.c.o
 *fill*         0x080054f2        0x2 
 .text.I2C_Mem_ISR_DMA
                0x080054f4      0x128 .pio/build/electrosmith_daisy/SrcWrapper/src/HAL/stm32yyxx_hal_i2c.c.o
 .text.I2C_Master_ISR_DMA
                0x0800561c      0x104 .pio/build/electrosmith_daisy/SrcWrapper/src/HAL/stm32yyxx_hal_i2c.c.o
 .text.HAL_I2C_ER_IRQHandler
                0x08005720       0x60 .pio/build/electrosmith_daisy/SrcWrapper/src/HAL/stm32yyxx_hal_i2c.c.o
                0x08005720                HAL_I2C_ER_IRQHandler
 .text.I2C_ITSlaveCplt.constprop.0
                0x08005780      0x204 .pio/build/electrosmith_daisy/SrcWrapper/src/HAL/stm32yyxx_hal_i2c.c.o
 .text.I2C_Slave_ISR_DMA
                0x08005984      0x1a8 .pio/build/electrosmith_daisy/SrcWrapper/src/HAL/stm32yyxx_hal_i2c.c.o
 .text.I2C_Slave_ISR_IT
                0x08005b2c      0x112 .pio/build/electrosmith_daisy/SrcWrapper/src/HAL/stm32yyxx_hal_i2c.c.o
 .text.I2C_DMAAbort
                0x08005c3e       0x16 .pio/build/electrosmith_daisy/SrcWrapper/src/HAL/stm32yyxx_hal_i2c.c.o
 .text.HAL_I2C_GetState
                0x08005c54        0x6 .pio/build/electrosmith_daisy/SrcWrapper/src/HAL/stm32yyxx_hal_i2c.c.o
                0x08005c54                HAL_I2C_GetState
 .text.HAL_I2C_GetError
                0x08005c5a        0x4 .pio/build/electrosmith_daisy/SrcWrapper/src/HAL/stm32yyxx_hal_i2c.c.o
                0x08005c5a                HAL_I2C_GetError
 .text.HAL_PCD_Init
                0x08005c5e       0xda .pio/build/electrosmith_daisy/SrcWrapper/src/HAL/stm32yyxx_hal_pcd.c.o
                0x08005c5e                HAL_PCD_Init
 .text.HAL_PCD_Start
                0x08005d38       0x3e .pio/build/electrosmith_daisy/SrcWrapper/src/HAL/stm32yyxx_hal_pcd.c.o
                0x08005d38                HAL_PCD_Start
 .text.HAL_PCD_SetAddress
                0x08005d76       0x26 .pio/build/electrosmith_daisy/SrcWrapper/src/HAL/stm32yyxx_hal_pcd.c.o
                0x08005d76                HAL_PCD_SetAddress
 .text.HAL_PCD_EP_Open
                0x08005d9c       0x6e .pio/build/electrosmith_daisy/SrcWrapper/src/HAL/stm32yyxx_hal_pcd.c.o
                0x08005d9c                HAL_PCD_EP_Open
 .text.HAL_PCD_EP_Close
                0x08005e0a       0x5c .pio/build/electrosmith_daisy/SrcWrapper/src/HAL/stm32yyxx_hal_pcd.c.o
                0x08005e0a                HAL_PCD_EP_Close
 .text.HAL_PCD_EP_Receive
                0x08005e66       0x3c .pio/build/electrosmith_daisy/SrcWrapper/src/HAL/stm32yyxx_hal_pcd.c.o
                0x08005e66                HAL_PCD_EP_Receive
 .text.HAL_PCD_EP_GetRxCount
                0x08005ea2       0x10 .pio/build/electrosmith_daisy/SrcWrapper/src/HAL/stm32yyxx_hal_pcd.c.o
                0x08005ea2                HAL_PCD_EP_GetRxCount
 .text.HAL_PCD_EP_Transmit
                0x08005eb2       0x34 .pio/build/electrosmith_daisy/SrcWrapper/src/HAL/stm32yyxx_hal_pcd.c.o
                0x08005eb2                HAL_PCD_EP_Transmit
 .text.HAL_PCD_EP_SetStall
                0x08005ee6       0x6e .pio/build/electrosmith_daisy/SrcWrapper/src/HAL/stm32yyxx_hal_pcd.c.o
                0x08005ee6                HAL_PCD_EP_SetStall
 .text.HAL_PCD_EP_ClrStall
                0x08005f54       0x6a .pio/build/electrosmith_daisy/SrcWrapper/src/HAL/stm32yyxx_hal_pcd.c.o
                0x08005f54                HAL_PCD_EP_ClrStall
 .text.HAL_PCD_EP_Abort
                0x08005fbe       0x20 .pio/build/electrosmith_daisy/SrcWrapper/src/HAL/stm32yyxx_hal_pcd.c.o
                0x08005fbe                HAL_PCD_EP_Abort
 *fill*         0x08005fde        0x2 
 .text.HAL_PCD_IRQHandler
                0x08005fe0      0x6cc .pio/build/electrosmith_daisy/SrcWrapper/src/HAL/stm32yyxx_hal_pcd.c.o
                0x08005fe0                HAL_PCD_IRQHandler
 .text.HAL_PCDEx_SetTxFiFo
                0x080066ac       0x3e .pio/build/electrosmith_daisy/SrcWrapper/src/HAL/stm32yyxx_hal_pcd_ex.c.o
                0x080066ac                HAL_PCDEx_SetTxFiFo
 .text.HAL_PCDEx_SetRxFiFo
                0x080066ea        0x8 .pio/build/electrosmith_daisy/SrcWrapper/src/HAL/stm32yyxx_hal_pcd_ex.c.o
                0x080066ea                HAL_PCDEx_SetRxFiFo
 .text.HAL_PCDEx_ActivateLPM
                0x080066f2       0x26 .pio/build/electrosmith_daisy/SrcWrapper/src/HAL/stm32yyxx_hal_pcd_ex.c.o
                0x080066f2                HAL_PCDEx_ActivateLPM
 .text.HAL_PCDEx_LPM_Callback
                0x08006718        0x2 .pio/build/electrosmith_daisy/SrcWrapper/src/HAL/stm32yyxx_hal_pcd_ex.c.o
                0x08006718                HAL_PCDEx_LPM_Callback
 *fill*         0x0800671a        0x2 
 .text.HAL_PWREx_ConfigSupply
                0x0800671c       0x48 .pio/build/electrosmith_daisy/SrcWrapper/src/HAL/stm32yyxx_hal_pwr_ex.c.o
                0x0800671c                HAL_PWREx_ConfigSupply
 .text.HAL_PWREx_EnableUSBVoltageDetector
                0x08006764       0x10 .pio/build/electrosmith_daisy/SrcWrapper/src/HAL/stm32yyxx_hal_pwr_ex.c.o
                0x08006764                HAL_PWREx_EnableUSBVoltageDetector
 .text.HAL_RCC_OscConfig
                0x08006774      0x558 .pio/build/electrosmith_daisy/SrcWrapper/src/HAL/stm32yyxx_hal_rcc.c.o
                0x08006774                HAL_RCC_OscConfig
 .text.HAL_RCC_GetSysClockFreq
                0x08006ccc      0x144 .pio/build/electrosmith_daisy/SrcWrapper/src/HAL/stm32yyxx_hal_rcc.c.o
                0x08006ccc                HAL_RCC_GetSysClockFreq
 .text.HAL_RCC_ClockConfig
                0x08006e10      0x24c .pio/build/electrosmith_daisy/SrcWrapper/src/HAL/stm32yyxx_hal_rcc.c.o
                0x08006e10                HAL_RCC_ClockConfig
 .text.HAL_RCC_GetHCLKFreq
                0x0800705c       0x44 .pio/build/electrosmith_daisy/SrcWrapper/src/HAL/stm32yyxx_hal_rcc.c.o
                0x0800705c                HAL_RCC_GetHCLKFreq
 .text.HAL_RCC_GetPCLK1Freq
                0x080070a0       0x24 .pio/build/electrosmith_daisy/SrcWrapper/src/HAL/stm32yyxx_hal_rcc.c.o
                0x080070a0                HAL_RCC_GetPCLK1Freq
 .text.RCCEx_PLL2_Config
                0x080070c4       0xf0 .pio/build/electrosmith_daisy/SrcWrapper/src/HAL/stm32yyxx_hal_rcc_ex.c.o
 .text.RCCEx_PLL3_Config
                0x080071b4       0xf0 .pio/build/electrosmith_daisy/SrcWrapper/src/HAL/stm32yyxx_hal_rcc_ex.c.o
 .text.HAL_RCCEx_PeriphCLKConfig
                0x080072a4      0x9d4 .pio/build/electrosmith_daisy/SrcWrapper/src/HAL/stm32yyxx_hal_rcc_ex.c.o
                0x080072a4                HAL_RCCEx_PeriphCLKConfig
 .text.HAL_RCCEx_GetD3PCLK1Freq
                0x08007c78       0x24 .pio/build/electrosmith_daisy/SrcWrapper/src/HAL/stm32yyxx_hal_rcc_ex.c.o
                0x08007c78                HAL_RCCEx_GetD3PCLK1Freq
 .text.HAL_RCCEx_GetPLL2ClockFreq
                0x08007c9c      0x154 .pio/build/electrosmith_daisy/SrcWrapper/src/HAL/stm32yyxx_hal_rcc_ex.c.o
                0x08007c9c                HAL_RCCEx_GetPLL2ClockFreq
 .text.HAL_RCCEx_GetPLL3ClockFreq
                0x08007df0      0x154 .pio/build/electrosmith_daisy/SrcWrapper/src/HAL/stm32yyxx_hal_rcc_ex.c.o
                0x08007df0                HAL_RCCEx_GetPLL3ClockFreq
 .text.HAL_RCCEx_GetPLL1ClockFreq
                0x08007f44      0x154 .pio/build/electrosmith_daisy/SrcWrapper/src/HAL/stm32yyxx_hal_rcc_ex.c.o
                0x08007f44                HAL_RCCEx_GetPLL1ClockFreq
 .text.HAL_RCCEx_GetPeriphCLKFreq
                0x08008098      0x2f8 .pio/build/electrosmith_daisy/SrcWrapper/src/HAL/stm32yyxx_hal_rcc_ex.c.o
                0x08008098                HAL_RCCEx_GetPeriphCLKFreq
 .text.SAI_InterruptFlag
                0x08008390       0x2c .pio/build/electrosmith_daisy/SrcWrapper/src/HAL/stm32yyxx_hal_sai.c.o
 .text.SAI_Disable
                0x080083bc       0x40 .pio/build/electrosmith_daisy/SrcWrapper/src/HAL/stm32yyxx_hal_sai.c.o
 .text.HAL_SAI_Init
                0x080083fc      0x378 .pio/build/electrosmith_daisy/SrcWrapper/src/HAL/stm32yyxx_hal_sai.c.o
                0x080083fc                HAL_SAI_Init
 .text.HAL_SAI_InitProtocol
                0x08008774      0x15c .pio/build/electrosmith_daisy/SrcWrapper/src/HAL/stm32yyxx_hal_sai.c.o
                0x08008774                HAL_SAI_InitProtocol
 .text.HAL_SAI_Transmit_DMA
                0x080088d0       0xd8 .pio/build/electrosmith_daisy/SrcWrapper/src/HAL/stm32yyxx_hal_sai.c.o
                0x080088d0                HAL_SAI_Transmit_DMA
 .text.HAL_SAI_Receive_DMA
                0x080089a8       0xa0 .pio/build/electrosmith_daisy/SrcWrapper/src/HAL/stm32yyxx_hal_sai.c.o
                0x080089a8                HAL_SAI_Receive_DMA
 .text.HAL_SAI_TxCpltCallback
                0x08008a48        0x2 .pio/build/electrosmith_daisy/SrcWrapper/src/HAL/stm32yyxx_hal_sai.c.o
                0x08008a48                HAL_SAI_TxCpltCallback
 .text.SAI_DMATxCplt
                0x08008a4a       0x38 .pio/build/electrosmith_daisy/SrcWrapper/src/HAL/stm32yyxx_hal_sai.c.o
 .text.HAL_SAI_TxHalfCpltCallback
                0x08008a82        0x2 .pio/build/electrosmith_daisy/SrcWrapper/src/HAL/stm32yyxx_hal_sai.c.o
                0x08008a82                HAL_SAI_TxHalfCpltCallback
 .text.SAI_DMATxHalfCplt
                0x08008a84        0xa .pio/build/electrosmith_daisy/SrcWrapper/src/HAL/stm32yyxx_hal_sai.c.o
 .text.SAI_DMARxCplt
                0x08008a8e       0x38 .pio/build/electrosmith_daisy/SrcWrapper/src/HAL/stm32yyxx_hal_sai.c.o
 .text.SAI_DMARxHalfCplt
                0x08008ac6        0xa .pio/build/electrosmith_daisy/SrcWrapper/src/HAL/stm32yyxx_hal_sai.c.o
 .text.HAL_SAI_ErrorCallback
                0x08008ad0        0x2 .pio/build/electrosmith_daisy/SrcWrapper/src/HAL/stm32yyxx_hal_sai.c.o
                0x08008ad0                HAL_SAI_ErrorCallback
 .text.SAI_DMAError
                0x08008ad2       0x3c .pio/build/electrosmith_daisy/SrcWrapper/src/HAL/stm32yyxx_hal_sai.c.o
 *fill*         0x08008b0e        0x2 
 .text.HAL_SDRAM_Init
                0x08008b10       0x50 .pio/build/electrosmith_daisy/SrcWrapper/src/HAL/stm32yyxx_hal_sdram.c.o
                0x08008b10                HAL_SDRAM_Init
 .text.HAL_SDRAM_SendCommand
                0x08008b60       0x3e .pio/build/electrosmith_daisy/SrcWrapper/src/HAL/stm32yyxx_hal_sdram.c.o
                0x08008b60                HAL_SDRAM_SendCommand
 .text.HAL_SDRAM_ProgramRefreshRate
                0x08008b9e       0x30 .pio/build/electrosmith_daisy/SrcWrapper/src/HAL/stm32yyxx_hal_sdram.c.o
                0x08008b9e                HAL_SDRAM_ProgramRefreshRate
 .text.HAL_TIM_PWM_PulseFinishedCallback
                0x08008bce        0x2 .pio/build/electrosmith_daisy/SrcWrapper/src/HAL/stm32yyxx_hal_tim.c.o
                0x08008bce                HAL_TIM_PWM_PulseFinishedCallback
 .text.HAL_TIM_TriggerCallback
                0x08008bd0        0x2 .pio/build/electrosmith_daisy/SrcWrapper/src/HAL/stm32yyxx_hal_tim.c.o
                0x08008bd0                HAL_TIM_TriggerCallback
 .text.HAL_TIM_IRQHandler
                0x08008bd2      0x140 .pio/build/electrosmith_daisy/SrcWrapper/src/HAL/stm32yyxx_hal_tim.c.o
                0x08008bd2                HAL_TIM_IRQHandler
 *fill*         0x08008d12        0x2 
 .text.TIM_Base_SetConfig
                0x08008d14       0xb0 .pio/build/electrosmith_daisy/SrcWrapper/src/HAL/stm32yyxx_hal_tim.c.o
                0x08008d14                TIM_Base_SetConfig
 .text.HAL_TIM_Base_Init
                0x08008dc4       0x60 .pio/build/electrosmith_daisy/SrcWrapper/src/HAL/stm32yyxx_hal_tim.c.o
                0x08008dc4                HAL_TIM_Base_Init
 .text.HAL_TIMEx_CommutCallback
                0x08008e24        0x2 .pio/build/electrosmith_daisy/SrcWrapper/src/HAL/stm32yyxx_hal_tim_ex.c.o
                0x08008e24                HAL_TIMEx_CommutCallback
 .text.HAL_TIMEx_BreakCallback
                0x08008e26        0x2 .pio/build/electrosmith_daisy/SrcWrapper/src/HAL/stm32yyxx_hal_tim_ex.c.o
                0x08008e26                HAL_TIMEx_BreakCallback
 .text.HAL_TIMEx_Break2Callback
                0x08008e28        0x2 .pio/build/electrosmith_daisy/SrcWrapper/src/HAL/stm32yyxx_hal_tim_ex.c.o
                0x08008e28                HAL_TIMEx_Break2Callback
 *fill*         0x08008e2a        0x2 
 .text.UART_EndRxTransfer
                0x08008e2c       0x58 .pio/build/electrosmith_daisy/SrcWrapper/src/HAL/stm32yyxx_hal_uart.c.o
 .text.UART_TxISR_8BIT.part.0
                0x08008e84       0x26 .pio/build/electrosmith_daisy/SrcWrapper/src/HAL/stm32yyxx_hal_uart.c.o
 .text.UART_TxISR_8BIT
                0x08008eaa       0x30 .pio/build/electrosmith_daisy/SrcWrapper/src/HAL/stm32yyxx_hal_uart.c.o
 .text.UART_TxISR_16BIT
                0x08008eda       0x34 .pio/build/electrosmith_daisy/SrcWrapper/src/HAL/stm32yyxx_hal_uart.c.o
 .text.UART_TxISR_8BIT_FIFOEN
                0x08008f0e       0x66 .pio/build/electrosmith_daisy/SrcWrapper/src/HAL/stm32yyxx_hal_uart.c.o
 .text.UART_TxISR_16BIT_FIFOEN
                0x08008f74       0x6a .pio/build/electrosmith_daisy/SrcWrapper/src/HAL/stm32yyxx_hal_uart.c.o
 *fill*         0x08008fde        0x2 
 .text.HAL_UART_Transmit_IT
                0x08008fe0       0xac .pio/build/electrosmith_daisy/SrcWrapper/src/HAL/stm32yyxx_hal_uart.c.o
                0x08008fe0                HAL_UART_Transmit_IT
 .text.UART_DMAAbortOnError
                0x0800908c       0x14 .pio/build/electrosmith_daisy/SrcWrapper/src/HAL/stm32yyxx_hal_uart.c.o
 .text.HAL_UARTEx_RxEventCallback
                0x080090a0        0x2 .pio/build/electrosmith_daisy/SrcWrapper/src/HAL/stm32yyxx_hal_uart.c.o
                0x080090a0                HAL_UARTEx_RxEventCallback
 *fill*         0x080090a2        0x2 
 .text.HAL_UART_IRQHandler
                0x080090a4      0x348 .pio/build/electrosmith_daisy/SrcWrapper/src/HAL/stm32yyxx_hal_uart.c.o
                0x080090a4                HAL_UART_IRQHandler
 .text.UART_RxISR_8BIT
                0x080093ec       0xcc .pio/build/electrosmith_daisy/SrcWrapper/src/HAL/stm32yyxx_hal_uart.c.o
 .text.UART_RxISR_16BIT
                0x080094b8       0xc4 .pio/build/electrosmith_daisy/SrcWrapper/src/HAL/stm32yyxx_hal_uart.c.o
 .text.UART_RxISR_8BIT_FIFOEN
                0x0800957c      0x1a8 .pio/build/electrosmith_daisy/SrcWrapper/src/HAL/stm32yyxx_hal_uart.c.o
 .text.UART_RxISR_16BIT_FIFOEN
                0x08009724      0x1a4 .pio/build/electrosmith_daisy/SrcWrapper/src/HAL/stm32yyxx_hal_uart.c.o
 .text.HAL_HalfDuplex_EnableTransmitter
                0x080098c8       0x4c .pio/build/electrosmith_daisy/SrcWrapper/src/HAL/stm32yyxx_hal_uart.c.o
                0x080098c8                HAL_HalfDuplex_EnableTransmitter
 .text.HAL_HalfDuplex_EnableReceiver
                0x08009914       0x4c .pio/build/electrosmith_daisy/SrcWrapper/src/HAL/stm32yyxx_hal_uart.c.o
                0x08009914                HAL_HalfDuplex_EnableReceiver
 .text.HAL_UART_GetState
                0x08009960        0xc .pio/build/electrosmith_daisy/SrcWrapper/src/HAL/stm32yyxx_hal_uart.c.o
                0x08009960                HAL_UART_GetState
 .text.UART_Start_Receive_IT
                0x0800996c      0x114 .pio/build/electrosmith_daisy/SrcWrapper/src/HAL/stm32yyxx_hal_uart.c.o
                0x0800996c                UART_Start_Receive_IT
 .text.HAL_UART_Receive_IT
                0x08009a80       0x44 .pio/build/electrosmith_daisy/SrcWrapper/src/HAL/stm32yyxx_hal_uart.c.o
                0x08009a80                HAL_UART_Receive_IT
 .text.HAL_UARTEx_RxFifoFullCallback
                0x08009ac4        0x2 .pio/build/electrosmith_daisy/SrcWrapper/src/HAL/stm32yyxx_hal_uart_ex.c.o
                0x08009ac4                HAL_UARTEx_RxFifoFullCallback
 .text.HAL_UARTEx_TxFifoEmptyCallback
                0x08009ac6        0x2 .pio/build/electrosmith_daisy/SrcWrapper/src/HAL/stm32yyxx_hal_uart_ex.c.o
                0x08009ac6                HAL_UARTEx_TxFifoEmptyCallback
 .text._ZNSt8functionIFvvEEaSEDn.isra.0
                0x08009ac8       0x16 .pio/build/electrosmith_daisy/SrcWrapper/src/HardwareTimer.cpp.o
 .text._ZNSt14_Function_baseD2Ev
                0x08009ade       0x12 .pio/build/electrosmith_daisy/SrcWrapper/src/HardwareTimer.cpp.o
                0x08009ade                std::_Function_base::~_Function_base()
                0x08009ade                std::_Function_base::~_Function_base()
 .text._Z15get_timer_indexP11TIM_TypeDef
                0x08009af0       0xbc .pio/build/electrosmith_daisy/SrcWrapper/src/HardwareTimer.cpp.o
                0x08009af0                get_timer_index(TIM_TypeDef*)
 .text._ZN13HardwareTimerD2Ev
                0x08009bac       0x40 .pio/build/electrosmith_daisy/SrcWrapper/src/HardwareTimer.cpp.o
                0x08009bac                HardwareTimer::~HardwareTimer()
                0x08009bac                HardwareTimer::~HardwareTimer()
 .text._ZN13HardwareTimer5setupEP11TIM_TypeDef
                0x08009bec       0x98 .pio/build/electrosmith_daisy/SrcWrapper/src/HardwareTimer.cpp.o
                0x08009bec                HardwareTimer::setup(TIM_TypeDef*)
 .text.TIM1_UP_IRQHandler
                0x08009c84       0x14 .pio/build/electrosmith_daisy/SrcWrapper/src/HardwareTimer.cpp.o
                0x08009c84                TIM1_UP_IRQHandler
 .text.TIM1_CC_IRQHandler
                0x08009c98        0x4 .pio/build/electrosmith_daisy/SrcWrapper/src/HardwareTimer.cpp.o
                0x08009c98                TIM1_CC_IRQHandler
 .text.TIM2_IRQHandler
                0x08009c9c       0x14 .pio/build/electrosmith_daisy/SrcWrapper/src/HardwareTimer.cpp.o
                0x08009c9c                TIM2_IRQHandler
 .text.TIM3_IRQHandler
                0x08009cb0       0x14 .pio/build/electrosmith_daisy/SrcWrapper/src/HardwareTimer.cpp.o
                0x08009cb0                TIM3_IRQHandler
 .text.TIM4_IRQHandler
                0x08009cc4       0x14 .pio/build/electrosmith_daisy/SrcWrapper/src/HardwareTimer.cpp.o
                0x08009cc4                TIM4_IRQHandler
 .text.TIM5_IRQHandler
                0x08009cd8       0x14 .pio/build/electrosmith_daisy/SrcWrapper/src/HardwareTimer.cpp.o
                0x08009cd8                TIM5_IRQHandler
 .text.TIM6_DAC_IRQHandler
                0x08009cec       0x14 .pio/build/electrosmith_daisy/SrcWrapper/src/HardwareTimer.cpp.o
                0x08009cec                TIM6_DAC_IRQHandler
 .text.TIM7_IRQHandler
                0x08009d00       0x14 .pio/build/electrosmith_daisy/SrcWrapper/src/HardwareTimer.cpp.o
                0x08009d00                TIM7_IRQHandler
 .text.TIM8_UP_TIM13_IRQHandler
                0x08009d14       0x24 .pio/build/electrosmith_daisy/SrcWrapper/src/HardwareTimer.cpp.o
                0x08009d14                TIM8_UP_TIM13_IRQHandler
 .text.TIM8_CC_IRQHandler
                0x08009d38       0x14 .pio/build/electrosmith_daisy/SrcWrapper/src/HardwareTimer.cpp.o
                0x08009d38                TIM8_CC_IRQHandler
 .text.TIM8_BRK_TIM12_IRQHandler
                0x08009d4c       0x14 .pio/build/electrosmith_daisy/SrcWrapper/src/HardwareTimer.cpp.o
                0x08009d4c                TIM8_BRK_TIM12_IRQHandler
 .text.TIM8_TRG_COM_TIM14_IRQHandler
                0x08009d60       0x14 .pio/build/electrosmith_daisy/SrcWrapper/src/HardwareTimer.cpp.o
                0x08009d60                TIM8_TRG_COM_TIM14_IRQHandler
 .text.TIM15_IRQHandler
                0x08009d74       0x14 .pio/build/electrosmith_daisy/SrcWrapper/src/HardwareTimer.cpp.o
                0x08009d74                TIM15_IRQHandler
 .text.TIM16_IRQHandler
                0x08009d88       0x14 .pio/build/electrosmith_daisy/SrcWrapper/src/HardwareTimer.cpp.o
                0x08009d88                TIM16_IRQHandler
 .text.TIM17_IRQHandler
                0x08009d9c       0x14 .pio/build/electrosmith_daisy/SrcWrapper/src/HardwareTimer.cpp.o
                0x08009d9c                TIM17_IRQHandler
 .text._ZNSt8functionIFvvEEC2Ev
                0x08009db0        0xc .pio/build/electrosmith_daisy/SrcWrapper/src/HardwareTimer.cpp.o
                0x08009db0                std::function<void ()>::function()
                0x08009db0                std::function<void ()>::function()
 .text._ZN13HardwareTimerC2EP11TIM_TypeDef
                0x08009dbc       0x2a .pio/build/electrosmith_daisy/SrcWrapper/src/HardwareTimer.cpp.o
                0x08009dbc                HardwareTimer::HardwareTimer(TIM_TypeDef*)
                0x08009dbc                HardwareTimer::HardwareTimer(TIM_TypeDef*)
 .text._ZNKSt8functionIFvvEEclEv
                0x08009de6       0x12 .pio/build/electrosmith_daisy/SrcWrapper/src/HardwareTimer.cpp.o
                0x08009de6                std::function<void ()>::operator()() const
 .text._ZN13HardwareTimer14updateCallbackEP17TIM_HandleTypeDef
                0x08009df8       0x18 .pio/build/electrosmith_daisy/SrcWrapper/src/HardwareTimer.cpp.o
                0x08009df8                HardwareTimer::updateCallback(TIM_HandleTypeDef*)
 .text.HAL_TIM_PeriodElapsedCallback
                0x08009e10        0x4 .pio/build/electrosmith_daisy/SrcWrapper/src/HardwareTimer.cpp.o
                0x08009e10                HAL_TIM_PeriodElapsedCallback
 .text._ZN13HardwareTimer22captureCompareCallbackEP17TIM_HandleTypeDef
                0x08009e14       0x3e .pio/build/electrosmith_daisy/SrcWrapper/src/HardwareTimer.cpp.o
                0x08009e14                HardwareTimer::captureCompareCallback(TIM_HandleTypeDef*)
 .text.HAL_TIM_OC_DelayElapsedCallback
                0x08009e52        0x4 .pio/build/electrosmith_daisy/SrcWrapper/src/HardwareTimer.cpp.o
                0x08009e52                HAL_TIM_OC_DelayElapsedCallback
 .text.HAL_TIM_IC_CaptureCallback
                0x08009e56        0x4 .pio/build/electrosmith_daisy/SrcWrapper/src/HardwareTimer.cpp.o
                0x08009e56                HAL_TIM_IC_CaptureCallback
 .text.FMC_SDRAM_Init
                0x08009e5a       0x70 .pio/build/electrosmith_daisy/SrcWrapper/src/LL/stm32yyxx_ll_fmc.c.o
                0x08009e5a                FMC_SDRAM_Init
 .text.FMC_SDRAM_Timing_Init
                0x08009eca       0x6c .pio/build/electrosmith_daisy/SrcWrapper/src/LL/stm32yyxx_ll_fmc.c.o
                0x08009eca                FMC_SDRAM_Timing_Init
 .text.FMC_SDRAM_SendCommand
                0x08009f36       0x24 .pio/build/electrosmith_daisy/SrcWrapper/src/LL/stm32yyxx_ll_fmc.c.o
                0x08009f36                FMC_SDRAM_SendCommand
 .text.FMC_SDRAM_ProgramRefreshRate
                0x08009f5a       0x14 .pio/build/electrosmith_daisy/SrcWrapper/src/LL/stm32yyxx_ll_fmc.c.o
                0x08009f5a                FMC_SDRAM_ProgramRefreshRate
 .text.USB_CoreReset
                0x08009f6e       0x46 .pio/build/electrosmith_daisy/SrcWrapper/src/LL/stm32yyxx_ll_usb.c.o
 .text.USB_CoreInit
                0x08009fb4       0x9c .pio/build/electrosmith_daisy/SrcWrapper/src/LL/stm32yyxx_ll_usb.c.o
                0x08009fb4                USB_CoreInit
 .text.USB_SetTurnaroundTime
                0x0800a050       0xe0 .pio/build/electrosmith_daisy/SrcWrapper/src/LL/stm32yyxx_ll_usb.c.o
                0x0800a050                USB_SetTurnaroundTime
 .text.USB_EnableGlobalInt
                0x0800a130        0xc .pio/build/electrosmith_daisy/SrcWrapper/src/LL/stm32yyxx_ll_usb.c.o
                0x0800a130                USB_EnableGlobalInt
 .text.USB_DisableGlobalInt
                0x0800a13c        0xc .pio/build/electrosmith_daisy/SrcWrapper/src/LL/stm32yyxx_ll_usb.c.o
                0x0800a13c                USB_DisableGlobalInt
 .text.USB_SetCurrentMode
                0x0800a148       0x5c .pio/build/electrosmith_daisy/SrcWrapper/src/LL/stm32yyxx_ll_usb.c.o
                0x0800a148                USB_SetCurrentMode
 .text.USB_FlushTxFifo
                0x0800a1a4       0x46 .pio/build/electrosmith_daisy/SrcWrapper/src/LL/stm32yyxx_ll_usb.c.o
                0x0800a1a4                USB_FlushTxFifo
 .text.USB_FlushRxFifo
                0x0800a1ea       0x42 .pio/build/electrosmith_daisy/SrcWrapper/src/LL/stm32yyxx_ll_usb.c.o
                0x0800a1ea                USB_FlushRxFifo
 .text.USB_SetDevSpeed
                0x0800a22c        0xe .pio/build/electrosmith_daisy/SrcWrapper/src/LL/stm32yyxx_ll_usb.c.o
                0x0800a22c                USB_SetDevSpeed
 *fill*         0x0800a23a        0x2 
 .text.USB_DevInit
                0x0800a23c      0x180 .pio/build/electrosmith_daisy/SrcWrapper/src/LL/stm32yyxx_ll_usb.c.o
                0x0800a23c                USB_DevInit
 .text.USB_GetDevSpeed
                0x0800a3bc       0x16 .pio/build/electrosmith_daisy/SrcWrapper/src/LL/stm32yyxx_ll_usb.c.o
                0x0800a3bc                USB_GetDevSpeed
 .text.USB_ActivateEndpoint
                0x0800a3d2       0x7e .pio/build/electrosmith_daisy/SrcWrapper/src/LL/stm32yyxx_ll_usb.c.o
                0x0800a3d2                USB_ActivateEndpoint
 .text.USB_DeactivateEndpoint
                0x0800a450       0xac .pio/build/electrosmith_daisy/SrcWrapper/src/LL/stm32yyxx_ll_usb.c.o
                0x0800a450                USB_DeactivateEndpoint
 .text.USB_EPStopXfer
                0x0800a4fc       0x84 .pio/build/electrosmith_daisy/SrcWrapper/src/LL/stm32yyxx_ll_usb.c.o
                0x0800a4fc                USB_EPStopXfer
 .text.USB_WritePacket
                0x0800a580       0x26 .pio/build/electrosmith_daisy/SrcWrapper/src/LL/stm32yyxx_ll_usb.c.o
                0x0800a580                USB_WritePacket
 *fill*         0x0800a5a6        0x2 
 .text.USB_EPStartXfer
                0x0800a5a8      0x1c4 .pio/build/electrosmith_daisy/SrcWrapper/src/LL/stm32yyxx_ll_usb.c.o
                0x0800a5a8                USB_EPStartXfer
 .text.USB_ReadPacket
                0x0800a76c       0x40 .pio/build/electrosmith_daisy/SrcWrapper/src/LL/stm32yyxx_ll_usb.c.o
                0x0800a76c                USB_ReadPacket
 .text.USB_EPSetStall
                0x0800a7ac       0x56 .pio/build/electrosmith_daisy/SrcWrapper/src/LL/stm32yyxx_ll_usb.c.o
                0x0800a7ac                USB_EPSetStall
 .text.USB_EPClearStall
                0x0800a802       0x52 .pio/build/electrosmith_daisy/SrcWrapper/src/LL/stm32yyxx_ll_usb.c.o
                0x0800a802                USB_EPClearStall
 .text.USB_SetDevAddress
                0x0800a854       0x20 .pio/build/electrosmith_daisy/SrcWrapper/src/LL/stm32yyxx_ll_usb.c.o
                0x0800a854                USB_SetDevAddress
 .text.USB_DevConnect
                0x0800a874       0x1c .pio/build/electrosmith_daisy/SrcWrapper/src/LL/stm32yyxx_ll_usb.c.o
                0x0800a874                USB_DevConnect
 .text.USB_DevDisconnect
                0x0800a890       0x1c .pio/build/electrosmith_daisy/SrcWrapper/src/LL/stm32yyxx_ll_usb.c.o
                0x0800a890                USB_DevDisconnect
 .text.USB_ReadInterrupts
                0x0800a8ac        0x8 .pio/build/electrosmith_daisy/SrcWrapper/src/LL/stm32yyxx_ll_usb.c.o
                0x0800a8ac                USB_ReadInterrupts
 .text.USB_ReadDevAllOutEpInterrupt
                0x0800a8b4       0x10 .pio/build/electrosmith_daisy/SrcWrapper/src/LL/stm32yyxx_ll_usb.c.o
                0x0800a8b4                USB_ReadDevAllOutEpInterrupt
 .text.USB_ReadDevAllInEpInterrupt
                0x0800a8c4       0x10 .pio/build/electrosmith_daisy/SrcWrapper/src/LL/stm32yyxx_ll_usb.c.o
                0x0800a8c4                USB_ReadDevAllInEpInterrupt
 .text.USB_ReadDevOutEPInterrupt
                0x0800a8d4       0x12 .pio/build/electrosmith_daisy/SrcWrapper/src/LL/stm32yyxx_ll_usb.c.o
                0x0800a8d4                USB_ReadDevOutEPInterrupt
 .text.USB_ReadDevInEPInterrupt
                0x0800a8e6       0x22 .pio/build/electrosmith_daisy/SrcWrapper/src/LL/stm32yyxx_ll_usb.c.o
                0x0800a8e6                USB_ReadDevInEPInterrupt
 .text.USB_GetMode
                0x0800a908        0x8 .pio/build/electrosmith_daisy/SrcWrapper/src/LL/stm32yyxx_ll_usb.c.o
                0x0800a908                USB_GetMode
 .text.USB_ActivateSetup
                0x0800a910       0x20 .pio/build/electrosmith_daisy/SrcWrapper/src/LL/stm32yyxx_ll_usb.c.o
                0x0800a910                USB_ActivateSetup
 .text.USB_EP0_OutStart
                0x0800a930       0x4c .pio/build/electrosmith_daisy/SrcWrapper/src/LL/stm32yyxx_ll_usb.c.o
                0x0800a930                USB_EP0_OutStart
 .text._Znwj    0x0800a97c        0x4 .pio/build/electrosmith_daisy/SrcWrapper/src/new.cpp.o
                0x0800a97c                operator new(unsigned int)
 .text._ZdlPvj  0x0800a980        0x4 .pio/build/electrosmith_daisy/SrcWrapper/src/new.cpp.o
                0x0800a980                operator delete(void*, unsigned int)
 .text.set_GPIO_Port_Clock
                0x0800a984      0x198 .pio/build/electrosmith_daisy/SrcWrapper/src/stm32/PortNames.c.o
                0x0800a984                set_GPIO_Port_Clock
 .text.get_adc_channel
                0x0800ab1c       0x24 .pio/build/electrosmith_daisy/SrcWrapper/src/stm32/analog.cpp.o
                0x0800ab1c                get_adc_channel
 .text.get_adc_internal_channel
                0x0800ab40       0x18 .pio/build/electrosmith_daisy/SrcWrapper/src/stm32/analog.cpp.o
                0x0800ab40                get_adc_internal_channel
 .text.get_dac_channel
                0x0800ab58       0x24 .pio/build/electrosmith_daisy/SrcWrapper/src/stm32/analog.cpp.o
                0x0800ab58                get_dac_channel
 .text.HAL_DAC_MspDeInit
                0x0800ab7c       0x48 .pio/build/electrosmith_daisy/SrcWrapper/src/stm32/analog.cpp.o
                0x0800ab7c                HAL_DAC_MspDeInit
 .text.dac_stop
                0x0800abc4       0x34 .pio/build/electrosmith_daisy/SrcWrapper/src/stm32/analog.cpp.o
                0x0800abc4                dac_stop
 .text.HAL_ADC_MspInit
                0x0800abf8       0x94 .pio/build/electrosmith_daisy/SrcWrapper/src/stm32/analog.cpp.o
                0x0800abf8                HAL_ADC_MspInit
 .text.HAL_ADC_MspDeInit
                0x0800ac8c       0x90 .pio/build/electrosmith_daisy/SrcWrapper/src/stm32/analog.cpp.o
                0x0800ac8c                HAL_ADC_MspDeInit
 .text.adc_read_value
                0x0800ad1c      0x26c .pio/build/electrosmith_daisy/SrcWrapper/src/stm32/analog.cpp.o
                0x0800ad1c                adc_read_value
 .text.pwm_stop
                0x0800af88       0x5c .pio/build/electrosmith_daisy/SrcWrapper/src/stm32/analog.cpp.o
                0x0800af88                pwm_stop
 .text.getCurrentMillis
                0x0800afe4        0x4 .pio/build/electrosmith_daisy/SrcWrapper/src/stm32/clock.c.o
                0x0800afe4                getCurrentMillis
 .text.noOsSystickHandler
                0x0800afe8        0x2 .pio/build/electrosmith_daisy/SrcWrapper/src/stm32/clock.c.o
                0x0800afe8                noOsSystickHandler
                0x0800afe8                osSystickHandler
 .text.SysTick_Handler
                0x0800afea       0x10 .pio/build/electrosmith_daisy/SrcWrapper/src/stm32/clock.c.o
                0x0800afea                SysTick_Handler
 .text.configHSECapacitorTuning
                0x0800affa        0x2 .pio/build/electrosmith_daisy/SrcWrapper/src/stm32/clock.c.o
                0x0800affa                configHSECapacitorTuning
 .text.configIPClock
                0x0800affc       0x54 .pio/build/electrosmith_daisy/SrcWrapper/src/stm32/clock.c.o
                0x0800affc                configIPClock
 .text.dwt_access
                0x0800b050       0x28 .pio/build/electrosmith_daisy/SrcWrapper/src/stm32/dwt.c.o
                0x0800b050                dwt_access
 .text.dwt_init
                0x0800b078       0x44 .pio/build/electrosmith_daisy/SrcWrapper/src/stm32/dwt.c.o
                0x0800b078                dwt_init
 .text.hw_config_init
                0x0800b0bc       0x28 .pio/build/electrosmith_daisy/SrcWrapper/src/stm32/hw_config.c.o
                0x0800b0bc                hw_config_init
 .text.startup._ZNSt8functionIFvvEEC2EDn.constprop.0.isra.0
                0x0800b0e4        0xc .pio/build/electrosmith_daisy/SrcWrapper/src/stm32/interrupt.cpp.o
 .text.HAL_GPIO_EXTI_Callback
                0x0800b0f0       0x2c .pio/build/electrosmith_daisy/SrcWrapper/src/stm32/interrupt.cpp.o
                0x0800b0f0                HAL_GPIO_EXTI_Callback
 .text.EXTI0_IRQHandler
                0x0800b11c        0x6 .pio/build/electrosmith_daisy/SrcWrapper/src/stm32/interrupt.cpp.o
                0x0800b11c                EXTI0_IRQHandler
 .text.EXTI1_IRQHandler
                0x0800b122        0x6 .pio/build/electrosmith_daisy/SrcWrapper/src/stm32/interrupt.cpp.o
                0x0800b122                EXTI1_IRQHandler
 .text.EXTI2_IRQHandler
                0x0800b128        0x6 .pio/build/electrosmith_daisy/SrcWrapper/src/stm32/interrupt.cpp.o
                0x0800b128                EXTI2_IRQHandler
 .text.EXTI3_IRQHandler
                0x0800b12e        0x6 .pio/build/electrosmith_daisy/SrcWrapper/src/stm32/interrupt.cpp.o
                0x0800b12e                EXTI3_IRQHandler
 .text.EXTI4_IRQHandler
                0x0800b134        0x6 .pio/build/electrosmith_daisy/SrcWrapper/src/stm32/interrupt.cpp.o
                0x0800b134                EXTI4_IRQHandler
 .text.EXTI9_5_IRQHandler
                0x0800b13a       0x16 .pio/build/electrosmith_daisy/SrcWrapper/src/stm32/interrupt.cpp.o
                0x0800b13a                EXTI9_5_IRQHandler
 .text.EXTI15_10_IRQHandler
                0x0800b150       0x18 .pio/build/electrosmith_daisy/SrcWrapper/src/stm32/interrupt.cpp.o
                0x0800b150                EXTI15_10_IRQHandler
 .text.startup._GLOBAL__sub_I__Z22stm32_interrupt_enableP12GPIO_TypeDeftSt8functionIFvvEEm
                0x0800b168       0xd4 .pio/build/electrosmith_daisy/SrcWrapper/src/stm32/interrupt.cpp.o
 .text.exit._GLOBAL__sub_D__Z22stm32_interrupt_enableP12GPIO_TypeDeftSt8functionIFvvEEm
                0x0800b23c       0x1c .pio/build/electrosmith_daisy/SrcWrapper/src/stm32/interrupt.cpp.o
 .text.configure_dualpad_switch
                0x0800b258       0x24 .pio/build/electrosmith_daisy/SrcWrapper/src/stm32/pinmap.c.o
 .text.pin_in_pinmap
                0x0800b27c       0x1e .pio/build/electrosmith_daisy/SrcWrapper/src/stm32/pinmap.c.o
                0x0800b27c                pin_in_pinmap
 *fill*         0x0800b29a        0x2 
 .text.pin_function
                0x0800b29c      0x120 .pio/build/electrosmith_daisy/SrcWrapper/src/stm32/pinmap.c.o
                0x0800b29c                pin_function
 .text.pinmap_pinout
                0x0800b3bc       0x1a .pio/build/electrosmith_daisy/SrcWrapper/src/stm32/pinmap.c.o
                0x0800b3bc                pinmap_pinout
 .text.pinmap_find_peripheral
                0x0800b3d6       0x16 .pio/build/electrosmith_daisy/SrcWrapper/src/stm32/pinmap.c.o
                0x0800b3d6                pinmap_find_peripheral
 .text.pinmap_peripheral
                0x0800b3ec        0xc .pio/build/electrosmith_daisy/SrcWrapper/src/stm32/pinmap.c.o
                0x0800b3ec                pinmap_peripheral
 .text.pinmap_find_pin
                0x0800b3f8       0x16 .pio/build/electrosmith_daisy/SrcWrapper/src/stm32/pinmap.c.o
                0x0800b3f8                pinmap_find_pin
 .text.pinmap_pin
                0x0800b40e        0xc .pio/build/electrosmith_daisy/SrcWrapper/src/stm32/pinmap.c.o
                0x0800b40e                pinmap_pin
 .text.pinmap_find_function
                0x0800b41a       0x16 .pio/build/electrosmith_daisy/SrcWrapper/src/stm32/pinmap.c.o
                0x0800b41a                pinmap_find_function
 .text.pinmap_function
                0x0800b430        0xa .pio/build/electrosmith_daisy/SrcWrapper/src/stm32/pinmap.c.o
                0x0800b430                pinmap_function
 .text.pinmap_merge_peripheral
                0x0800b43a       0x14 .pio/build/electrosmith_daisy/SrcWrapper/src/stm32/pinmap.c.o
                0x0800b43a                pinmap_merge_peripheral
 *fill*         0x0800b44e        0x2 
 .text.SystemInit
                0x0800b450       0xd0 .pio/build/electrosmith_daisy/SrcWrapper/src/stm32/system_stm32yyxx.c.o
                0x0800b450                SystemInit
 .text.get_timer_obj
                0x0800b520        0x4 .pio/build/electrosmith_daisy/SrcWrapper/src/stm32/timer.c.o
                0x0800b520                get_timer_obj
 .text.enableTimerClock
                0x0800b524      0x21c .pio/build/electrosmith_daisy/SrcWrapper/src/stm32/timer.c.o
                0x0800b524                enableTimerClock
 .text.disableTimerClock
                0x0800b740      0x13c .pio/build/electrosmith_daisy/SrcWrapper/src/stm32/timer.c.o
                0x0800b740                disableTimerClock
 .text.getTimerUpIrq
                0x0800b87c       0xc0 .pio/build/electrosmith_daisy/SrcWrapper/src/stm32/timer.c.o
                0x0800b87c                getTimerUpIrq
 .text.getTimerCCIrq
                0x0800b93c       0xc4 .pio/build/electrosmith_daisy/SrcWrapper/src/stm32/timer.c.o
                0x0800b93c                getTimerCCIrq
 .text.HAL_TIM_Base_MspInit
                0x0800ba00       0x4e .pio/build/electrosmith_daisy/SrcWrapper/src/stm32/timer.c.o
                0x0800ba00                HAL_TIM_Base_MspInit
 *fill*         0x0800ba4e        0x2 
 .text.serial_rx_active
                0x0800ba50       0x24 .pio/build/electrosmith_daisy/SrcWrapper/src/stm32/uart.c.o
                0x0800ba50                serial_rx_active
 .text.serial_tx_active
                0x0800ba74       0x24 .pio/build/electrosmith_daisy/SrcWrapper/src/stm32/uart.c.o
                0x0800ba74                serial_tx_active
 .text.uart_attach_tx_callback
                0x0800ba98       0x44 .pio/build/electrosmith_daisy/SrcWrapper/src/stm32/uart.c.o
                0x0800ba98                uart_attach_tx_callback
 .text.uart_enable_tx
                0x0800badc       0x20 .pio/build/electrosmith_daisy/SrcWrapper/src/stm32/uart.c.o
                0x0800badc                uart_enable_tx
 .text.uart_enable_rx
                0x0800bafc       0x20 .pio/build/electrosmith_daisy/SrcWrapper/src/stm32/uart.c.o
                0x0800bafc                uart_enable_rx
 .text.HAL_UART_RxCpltCallback
                0x0800bb1c        0x8 .pio/build/electrosmith_daisy/SrcWrapper/src/stm32/uart.c.o
                0x0800bb1c                HAL_UART_RxCpltCallback
 .text.HAL_UART_TxCpltCallback
                0x0800bb24        0x8 .pio/build/electrosmith_daisy/SrcWrapper/src/stm32/uart.c.o
                0x0800bb24                HAL_UART_TxCpltCallback
 .text.HAL_UART_ErrorCallback
                0x0800bb2c       0x48 .pio/build/electrosmith_daisy/SrcWrapper/src/stm32/uart.c.o
                0x0800bb2c                HAL_UART_ErrorCallback
 .text.USART1_IRQHandler
                0x0800bb74       0x18 .pio/build/electrosmith_daisy/SrcWrapper/src/stm32/uart.c.o
                0x0800bb74                USART1_IRQHandler
 .text.USART2_IRQHandler
                0x0800bb8c       0x1c .pio/build/electrosmith_daisy/SrcWrapper/src/stm32/uart.c.o
                0x0800bb8c                USART2_IRQHandler
 .text.USART3_IRQHandler
                0x0800bba8       0x1c .pio/build/electrosmith_daisy/SrcWrapper/src/stm32/uart.c.o
                0x0800bba8                USART3_IRQHandler
 .text.UART4_IRQHandler
                0x0800bbc4       0x18 .pio/build/electrosmith_daisy/SrcWrapper/src/stm32/uart.c.o
                0x0800bbc4                UART4_IRQHandler
 .text.UART5_IRQHandler
                0x0800bbdc       0x18 .pio/build/electrosmith_daisy/SrcWrapper/src/stm32/uart.c.o
                0x0800bbdc                UART5_IRQHandler
 .text.USART6_IRQHandler
                0x0800bbf4       0x18 .pio/build/electrosmith_daisy/SrcWrapper/src/stm32/uart.c.o
                0x0800bbf4                USART6_IRQHandler
 .text.LPUART1_IRQHandler
                0x0800bc0c       0x18 .pio/build/electrosmith_daisy/SrcWrapper/src/stm32/uart.c.o
                0x0800bc0c                LPUART1_IRQHandler
 .text.UART7_IRQHandler
                0x0800bc24       0x18 .pio/build/electrosmith_daisy/SrcWrapper/src/stm32/uart.c.o
                0x0800bc24                UART7_IRQHandler
 .text.UART8_IRQHandler
                0x0800bc3c       0x18 .pio/build/electrosmith_daisy/SrcWrapper/src/stm32/uart.c.o
                0x0800bc3c                UART8_IRQHandler
 .text.HAL_UARTEx_WakeupCallback
                0x0800bc54        0xa .pio/build/electrosmith_daisy/SrcWrapper/src/stm32/uart.c.o
                0x0800bc54                HAL_UARTEx_WakeupCallback
 *fill*         0x0800bc5e        0x2 
 .text._sbrk    0x0800bc60       0x3c .pio/build/electrosmith_daisy/SrcWrapper/src/syscalls.c.o
                0x0800bc60                _sbrk
 .text._exit    0x0800bc9c        0x2 .pio/build/electrosmith_daisy/SrcWrapper/src/syscalls.c.o
                0x0800bc9c                _exit
 *fill*         0x0800bc9e        0x2 
 .text._kill    0x0800bca0       0x10 .pio/build/electrosmith_daisy/SrcWrapper/src/syscalls.c.o
                0x0800bca0                _kill
 .text._getpid  0x0800bcb0        0x4 .pio/build/electrosmith_daisy/SrcWrapper/src/syscalls.c.o
                0x0800bcb0                _getpid
 .text._Z9InitSynthf
                0x0800bcb4       0x8c .pio/build/electrosmith_daisy/src/main.cpp.o
                0x0800bcb4                InitSynth(float)
 .text.setup    0x0800bd40       0x54 .pio/build/electrosmith_daisy/src/main.cpp.o
                0x0800bd40                setup
 .text._Z10DebugPrintv
                0x0800bd94      0x2b0 .pio/build/electrosmith_daisy/src/main.cpp.o
                0x0800bd94                DebugPrint()
 .text.loop     0x0800c044       0x12 .pio/build/electrosmith_daisy/src/main.cpp.o
                0x0800c044                loop
 *fill*         0x0800c056        0x2 
 .text._Z13UpdateEncoderv
                0x0800c058       0x54 .pio/build/electrosmith_daisy/src/main.cpp.o
                0x0800c058                UpdateEncoder()
 .text._Z13UpdateButtonsv
                0x0800c0ac       0x2c .pio/build/electrosmith_daisy/src/main.cpp.o
                0x0800c0ac                UpdateButtons()
 .text._Z11UpdateKnobsv
                0x0800c0d8      0x20c .pio/build/electrosmith_daisy/src/main.cpp.o
                0x0800c0d8                UpdateKnobs()
 .text._Z10UpdateLedsv
                0x0800c2e4      0x110 .pio/build/electrosmith_daisy/src/main.cpp.o
                0x0800c2e4                UpdateLeds()
 .text._Z14UpdateControlsv
                0x0800c3f4       0x20 .pio/build/electrosmith_daisy/src/main.cpp.o
                0x0800c3f4                UpdateControls()
 .text._ZL13AudioCallbackPPfS0_j
                0x0800c414       0x8c .pio/build/electrosmith_daisy/src/main.cpp.o
 .text.startup._GLOBAL__sub_I_currentOctave
                0x0800c4a0       0x80 .pio/build/electrosmith_daisy/src/main.cpp.o
 .text._ZN10AudioClass14ConfigureSdramEv
                0x0800c520       0x10 .pio/build/electrosmith_daisy/lib13e/libDaisyDuino.a(AudioClass.cpp.o)
                0x0800c520                AudioClass::ConfigureSdram()
 .text._ZN10AudioClass5beginEPFvPPfS1_jE
                0x0800c530        0x6 .pio/build/electrosmith_daisy/lib13e/libDaisyDuino.a(AudioClass.cpp.o)
                0x0800c530                AudioClass::begin(void (*)(float**, float**, unsigned int))
 .text._ZN10AudioClass14get_samplerateEv
                0x0800c536        0x6 .pio/build/electrosmith_daisy/lib13e/libDaisyDuino.a(AudioClass.cpp.o)
                0x0800c536                AudioClass::get_samplerate()
 .text._ZN10AudioClass14AudioBlockSizeEv
                0x0800c53c       0x1a .pio/build/electrosmith_daisy/lib13e/libDaisyDuino.a(AudioClass.cpp.o)
                0x0800c53c                AudioClass::AudioBlockSize()
 .text._ZN10AudioClass17BoardVersionCheckEv
                0x0800c556       0x18 .pio/build/electrosmith_daisy/lib13e/libDaisyDuino.a(AudioClass.cpp.o)
                0x0800c556                AudioClass::BoardVersionCheck()
 *fill*         0x0800c56e        0x2 
 .text._ZN10AudioClass4initE16DaisyDuinoDevice20DaisyDuinoSampleRate
                0x0800c570      0x1bc .pio/build/electrosmith_daisy/lib13e/libDaisyDuino.a(AudioClass.cpp.o)
                0x0800c570                AudioClass::init(DaisyDuinoDevice, DaisyDuinoSampleRate)
 .text.startup._GLOBAL__sub_I_PinMap_I2C_SDA
                0x0800c72c       0x4c .pio/build/electrosmith_daisy/lib13e/libDaisyDuino.a(AudioClass.cpp.o)
 .text.exit._GLOBAL__sub_D_PinMap_I2C_SDA
                0x0800c778        0xc .pio/build/electrosmith_daisy/lib13e/libDaisyDuino.a(AudioClass.cpp.o)
 .text._ZN13DaisyHardware7InitPodEf
                0x0800c784       0xb0 .pio/build/electrosmith_daisy/lib13e/libDaisyDuino.a(DaisyDuino.cpp.o)
                0x0800c784                DaisyHardware::InitPod(float)
 .text._ZN13DaisyHardware9InitPatchEf
                0x0800c834       0xd8 .pio/build/electrosmith_daisy/lib13e/libDaisyDuino.a(DaisyDuino.cpp.o)
                0x0800c834                DaisyHardware::InitPatch(float)
 .text._ZN5daisy16LedDriverPca9685ILi2ELb1EE4InitERA2_KhPNS1_21PCA9685TransmitBufferES6_m
                0x0800c90c       0x88 .pio/build/electrosmith_daisy/lib13e/libDaisyDuino.a(DaisyDuino.cpp.o)
                0x0800c90c                daisy::LedDriverPca9685<2, true>::Init(unsigned char const (&) [2], daisy::LedDriverPca9685<2, true>::PCA9685TransmitBuffer*, daisy::LedDriverPca9685<2, true>::PCA9685TransmitBuffer*, unsigned long)
 .text._ZN5daisy17ShiftRegister4021ILj2ELj1EE6UpdateEv
                0x0800c994       0x98 .pio/build/electrosmith_daisy/lib13e/libDaisyDuino.a(DaisyDuino.cpp.o)
                0x0800c994                daisy::ShiftRegister4021<2u, 1u>::Update()
 .text._ZN13DaisyHardware22ProcessDigitalControlsEv
                0x0800ca2c       0x90 .pio/build/electrosmith_daisy/lib13e/libDaisyDuino.a(DaisyDuino.cpp.o)
                0x0800ca2c                DaisyHardware::ProcessDigitalControls()
 .text._ZN5daisy16LedDriverPca9685ILi2ELb1EE6SetLedEif
                0x0800cabc       0x7c .pio/build/electrosmith_daisy/lib13e/libDaisyDuino.a(DaisyDuino.cpp.o)
                0x0800cabc                daisy::LedDriverPca9685<2, true>::SetLed(int, float)
 .text._ZN13DaisyHardware10SetRingLedEhfff
                0x0800cb38       0x80 .pio/build/electrosmith_daisy/lib13e/libDaisyDuino.a(DaisyDuino.cpp.o)
                0x0800cb38                DaisyHardware::SetRingLed(unsigned char, float, float, float)
 .text._ZN13DaisyHardware16SetFootswitchLedEhf
                0x0800cbb8       0x30 .pio/build/electrosmith_daisy/lib13e/libDaisyDuino.a(DaisyDuino.cpp.o)
                0x0800cbb8                DaisyHardware::SetFootswitchLed(unsigned char, float)
 .text._ZN13DaisyHardware14SetKeyboardLedEhhf
                0x0800cbe8       0x28 .pio/build/electrosmith_daisy/lib13e/libDaisyDuino.a(DaisyDuino.cpp.o)
                0x0800cbe8                DaisyHardware::SetKeyboardLed(unsigned char, unsigned char, float)
 .text._ZN13DaisyHardware10SetKnobLedEhf
                0x0800cc10       0x1c .pio/build/electrosmith_daisy/lib13e/libDaisyDuino.a(DaisyDuino.cpp.o)
                0x0800cc10                DaisyHardware::SetKnobLed(unsigned char, float)
 .text._ZN13DaisyHardware9ClearLedsEv
                0x0800cc2c       0x90 .pio/build/electrosmith_daisy/lib13e/libDaisyDuino.a(DaisyDuino.cpp.o)
                0x0800cc2c                DaisyHardware::ClearLeds()
 .text._ZN5daisy16LedDriverPca9685ILi2ELb1EE22SwapBuffersAndTransmitEv
                0x0800ccbc       0x96 .pio/build/electrosmith_daisy/lib13e/libDaisyDuino.a(DaisyDuino.cpp.o)
                0x0800ccbc                daisy::LedDriverPca9685<2, true>::SwapBuffersAndTransmit()
 .text._ZN13DaisyHardware10UpdateLedsEv
                0x0800cd52       0x18 .pio/build/electrosmith_daisy/lib13e/libDaisyDuino.a(DaisyDuino.cpp.o)
                0x0800cd52                DaisyHardware::UpdateLeds()
 *fill*         0x0800cd6a        0x2 
 .text._ZN13DaisyHardware9InitPetalEf
                0x0800cd6c      0x198 .pio/build/electrosmith_daisy/lib13e/libDaisyDuino.a(DaisyDuino.cpp.o)
                0x0800cd6c                DaisyHardware::InitPetal(float)
 .text._ZN13DaisyHardware9InitFieldEf
                0x0800cf04      0x128 .pio/build/electrosmith_daisy/lib13e/libDaisyDuino.a(DaisyDuino.cpp.o)
                0x0800cf04                DaisyHardware::InitField(float)
 .text._ZN13DaisyHardware4InitEf16DaisyDuinoDevice
                0x0800d02c       0x3c .pio/build/electrosmith_daisy/lib13e/libDaisyDuino.a(DaisyDuino.cpp.o)
                0x0800d02c                DaisyHardware::Init(float, DaisyDuinoDevice)
 .text.startup._GLOBAL__sub_I__ZN13DaisyHardware4InitEf16DaisyDuinoDevice
                0x0800d068       0x34 .pio/build/electrosmith_daisy/lib13e/libDaisyDuino.a(DaisyDuino.cpp.o)
 .text._ZL8Polyblepff
                0x0800d09c       0x64 .pio/build/electrosmith_daisy/lib13e/libDaisyDuino.a(oscillator.cpp.o)
 .text._ZN7daisysp10Oscillator7ProcessEv
                0x0800d100      0x1e8 .pio/build/electrosmith_daisy/lib13e/libDaisyDuino.a(oscillator.cpp.o)
                0x0800d100                daisysp::Oscillator::Process()
 .text._ZN7daisysp10Oscillator12CalcPhaseIncEf
                0x0800d2e8       0x18 .pio/build/electrosmith_daisy/lib13e/libDaisyDuino.a(oscillator.cpp.o)
                0x0800d2e8                daisysp::Oscillator::CalcPhaseInc(float)
 .text._ZNK5daisy11AudioHandle4Impl11GetChannelsEv
                0x0800d300       0x1a .pio/build/electrosmith_daisy/lib13e/libDaisyDuino.a(audio.cpp.o)
                0x0800d300                daisy::AudioHandle::Impl::GetChannels() const
 *fill*         0x0800d31a        0x2 
 .text._ZN5daisy11AudioHandle4Impl16InternalCallbackEPlS2_j
                0x0800d31c      0x99c .pio/build/electrosmith_daisy/lib13e/libDaisyDuino.a(audio.cpp.o)
                0x0800d31c                daisy::AudioHandle::Impl::InternalCallback(long*, long*, unsigned int)
 .text._ZN5daisy11AudioHandle4Impl4InitENS0_6ConfigENS_9SaiHandleE
                0x0800dcb8       0x5c .pio/build/electrosmith_daisy/lib13e/libDaisyDuino.a(audio.cpp.o)
                0x0800dcb8                daisy::AudioHandle::Impl::Init(daisy::AudioHandle::Config, daisy::SaiHandle)
 .text._ZN5daisy11AudioHandle4Impl5StartEPFvPPfS3_jE
                0x0800dd14       0x40 .pio/build/electrosmith_daisy/lib13e/libDaisyDuino.a(audio.cpp.o)
                0x0800dd14                daisy::AudioHandle::Impl::Start(void (*)(float**, float**, unsigned int))
 .text._ZN5daisy11AudioHandle4InitERKNS0_6ConfigENS_9SaiHandleE
                0x0800dd54       0x1c .pio/build/electrosmith_daisy/lib13e/libDaisyDuino.a(audio.cpp.o)
                0x0800dd54                daisy::AudioHandle::Init(daisy::AudioHandle::Config const&, daisy::SaiHandle)
 .text._ZN5daisy11AudioHandle4InitERKNS0_6ConfigENS_9SaiHandleES4_
                0x0800dd70       0x3c .pio/build/electrosmith_daisy/lib13e/libDaisyDuino.a(audio.cpp.o)
                0x0800dd70                daisy::AudioHandle::Init(daisy::AudioHandle::Config const&, daisy::SaiHandle, daisy::SaiHandle)
 .text._ZNK5daisy11AudioHandle9GetConfigEv
                0x0800ddac        0x6 .pio/build/electrosmith_daisy/lib13e/libDaisyDuino.a(audio.cpp.o)
                0x0800ddac                daisy::AudioHandle::GetConfig() const
 .text._ZN5daisy11AudioHandle13GetSampleRateEv
                0x0800ddb2        0x8 .pio/build/electrosmith_daisy/lib13e/libDaisyDuino.a(audio.cpp.o)
                0x0800ddb2                daisy::AudioHandle::GetSampleRate()
 .text._ZN5daisy11AudioHandle5StartEPFvPPfS2_jE
                0x0800ddba        0x6 .pio/build/electrosmith_daisy/lib13e/libDaisyDuino.a(audio.cpp.o)
                0x0800ddba                daisy::AudioHandle::Start(void (*)(float**, float**, unsigned int))
 .text.startup._GLOBAL__sub_I__ZN5daisy11AudioHandle4Impl4InitENS0_6ConfigENS_9SaiHandleE
                0x0800ddc0       0x10 .pio/build/electrosmith_daisy/lib13e/libDaisyDuino.a(audio.cpp.o)
 .text._ZN5daisy6Ak45564InitE12dsy_gpio_pin
                0x0800ddd0       0x3a .pio/build/electrosmith_daisy/lib13e/libDaisyDuino.a(codec_ak4556.cpp.o)
                0x0800ddd0                daisy::Ak4556::Init(dsy_gpio_pin)
 .text._ZN5daisy7Pcm306013WriteRegisterEhh
                0x0800de0a       0x30 .pio/build/electrosmith_daisy/lib13e/libDaisyDuino.a(codec_pcm3060.cpp.o)
                0x0800de0a                daisy::Pcm3060::WriteRegister(unsigned char, unsigned char)
 *fill*         0x0800de3a        0x2 
 .text._ZN5daisy7Pcm306012ReadRegisterEhPh
                0x0800de3c       0x40 .pio/build/electrosmith_daisy/lib13e/libDaisyDuino.a(codec_pcm3060.cpp.o)
                0x0800de3c                daisy::Pcm3060::ReadRegister(unsigned char, unsigned char*)
 .text._ZN5daisy7Pcm30604InitEP7TwoWire
                0x0800de7c      0x100 .pio/build/electrosmith_daisy/lib13e/libDaisyDuino.a(codec_pcm3060.cpp.o)
                0x0800de7c                daisy::Pcm3060::Init(TwoWire*)
 .text._ZN5daisy6Wm873120WriteControlRegisterEht
                0x0800df7c       0x3c .pio/build/electrosmith_daisy/lib13e/libDaisyDuino.a(codec_wm8731.cpp.o)
                0x0800df7c                daisy::Wm8731::WriteControlRegister(unsigned char, unsigned short)
 .text._ZN5daisy6Wm87314InitERKNS0_6ConfigEP7TwoWire
                0x0800dfb8      0x104 .pio/build/electrosmith_daisy/lib13e/libDaisyDuino.a(codec_wm8731.cpp.o)
                0x0800dfb8                daisy::Wm8731::Init(daisy::Wm8731::Config const&, TwoWire*)
 .text._ZN5daisy13AnalogControl4InitEhfbbf
                0x0800e0bc       0x50 .pio/build/electrosmith_daisy/lib13e/libDaisyDuino.a(ctrl.cpp.o)
                0x0800e0bc                daisy::AnalogControl::Init(unsigned char, float, bool, bool, float)
 .text._ZN5daisy13AnalogControl13InitBipolarCvEhf
                0x0800e10c       0x58 .pio/build/electrosmith_daisy/lib13e/libDaisyDuino.a(ctrl.cpp.o)
                0x0800e10c                daisy::AnalogControl::InitBipolarCv(unsigned char, float)
 .text.dsy_dma_init
                0x0800e164       0x98 .pio/build/electrosmith_daisy/lib13e/libDaisyDuino.a(dma.c.o)
                0x0800e164                dsy_dma_init
 .text._ZN5daisy7Encoder4InitEfhhhhhh
                0x0800e1fc       0x52 .pio/build/electrosmith_daisy/lib13e/libDaisyDuino.a(encoder.cpp.o)